Nov 29 03:04:43 admin1-HP-EliteBook-Folio-9480m kernel: [    0.000000] Linux version 4.15.0-29-generic (buildd@lgw01-amd64-057) (gcc version 7.3.0 (Ubuntu 7.3.0-16ubuntu3)) #31-Ubuntu SMP Tue Jul 17 15:39:52 UTC 2018 (Ubuntu 4.15.0-29.31-generic 4.15.18)
Nov 29 03:04:43 admin1-HP-EliteBook-Folio-9480m kernel: [    0.000000] Command line: BOOT_IMAGE=/boot/vmlinuz-4.15.0-29-generic root=UUID=b7186ec7-31ef-45f8-95a5-f36109a8d392 ro quiet splash vt.handoff=1
Nov 29 03:04:43 admin1-HP-EliteBook-Folio-9480m kernel: [    0.000000] KERNEL supported cpus:
Nov 29 03:04:43 admin1-HP-EliteBook-Folio-9480m kernel: [    0.000000]   Intel GenuineIntel
Nov 29 03:04:43 admin1-HP-EliteBook-Folio-9480m kernel: [    0.000000]   AMD AuthenticAMD
Nov 29 03:04:43 admin1-HP-EliteBook-Folio-9480m kernel: [    0.000000]   Centaur CentaurHauls
Nov 29 03:04:43 admin1-HP-EliteBook-Folio-9480m kernel: [    0.000000] x86/fpu: Supporting XSAVE feature 0x001: 'x87 floating point registers'
Nov 29 03:04:43 admin1-HP-EliteBook-Folio-9480m kernel: [    0.000000] x86/fpu: Supporting XSAVE feature 0x002: 'SSE registers'
Nov 29 03:04:43 admin1-HP-EliteBook-Folio-9480m kernel: [    0.000000] x86/fpu: Supporting XSAVE feature 0x004: 'AVX registers'
Nov 29 03:04:43 admin1-HP-EliteBook-Folio-9480m kernel: [    0.000000] x86/fpu: xstate_offset[2]:  576, xstate_sizes[2]:  256
Nov 29 03:04:43 admin1-HP-EliteBook-Folio-9480m kernel: [    0.000000] x86/fpu: Enabled xstate features 0x7, context size is 832 bytes, using 'standard' format.
Nov 29 03:04:43 admin1-HP-EliteBook-Folio-9480m kernel: [    0.000000] e820: BIOS-provided physical RAM map:
Nov 29 03:04:43 admin1-HP-EliteBook-Folio-9480m kernel: [    0.000000] BIOS-e820: [mem 0x0000000000000000-0x0000000000057fff] usable
Nov 29 03:04:43 admin1-HP-EliteBook-Folio-9480m kernel: [    0.000000] BIOS-e820: [mem 0x0000000000058000-0x0000000000058fff] reserved
Nov 29 03:04:43 admin1-HP-EliteBook-Folio-9480m kernel: [    0.000000] BIOS-e820: [mem 0x0000000000059000-0x0000000000097fff] usable
Nov 29 03:04:43 admin1-HP-EliteBook-Folio-9480m kernel: [    0.000000] BIOS-e820: [mem 0x0000000000098000-0x000000000009ffff] reserved
Nov 29 03:04:43 admin1-HP-EliteBook-Folio-9480m kernel: [    0.000000] BIOS-e820: [mem 0x0000000000100000-0x00000000a8b7efff] usable
Nov 29 03:04:43 admin1-HP-EliteBook-Folio-9480m kernel: [    0.000000] BIOS-e820: [mem 0x00000000a8b7f000-0x00000000a927efff] type 20
Nov 29 03:04:43 admin1-HP-EliteBook-Folio-9480m kernel: [    0.000000] BIOS-e820: [mem 0x00000000a927f000-0x00000000a9e7efff] reserved
Nov 29 03:04:43 admin1-HP-EliteBook-Folio-9480m kernel: [    0.000000] BIOS-e820: [mem 0x00000000a9e7f000-0x00000000a9f7efff] ACPI NVS
Nov 29 03:04:43 admin1-HP-EliteBook-Folio-9480m kernel: [    0.000000] BIOS-e820: [mem 0x00000000a9f7f000-0x00000000a9ffefff] ACPI data
Nov 29 03:04:43 admin1-HP-EliteBook-Folio-9480m kernel: [    0.000000] BIOS-e820: [mem 0x00000000a9fff000-0x00000000a9ffffff] usable
Nov 29 03:04:43 admin1-HP-EliteBook-Folio-9480m kernel: [    0.000000] BIOS-e820: [mem 0x00000000e00f8000-0x00000000e00f8fff] reserved
Nov 29 03:04:43 admin1-HP-EliteBook-Folio-9480m kernel: [    0.000000] BIOS-e820: [mem 0x00000000fed1c000-0x00000000fed1ffff] reserved
Nov 29 03:04:43 admin1-HP-EliteBook-Folio-9480m kernel: [    0.000000] BIOS-e820: [mem 0x00000000ff650000-0x00000000ff66efff] reserved
Nov 29 03:04:43 admin1-HP-EliteBook-Folio-9480m kernel: [    0.000000] BIOS-e820: [mem 0x0000000100000000-0x000000024fdfffff] usable
Nov 29 03:04:43 admin1-HP-EliteBook-Folio-9480m kernel: [    0.000000] NX (Execute Disable) protection: active
Nov 29 03:04:43 admin1-HP-EliteBook-Folio-9480m kernel: [    0.000000] efi: EFI v2.31 by HPQ
Nov 29 03:04:43 admin1-HP-EliteBook-Folio-9480m kernel: [    0.000000] efi:  ACPI=0xa9ffe000  ACPI 2.0=0xa9ffe014  SMBIOS=0xa9334218 
Nov 29 03:04:43 admin1-HP-EliteBook-Folio-9480m kernel: [    0.000000] secureboot: Secure boot could not be determined (mode 0)
Nov 29 03:04:43 admin1-HP-EliteBook-Folio-9480m kernel: [    0.000000] SMBIOS 2.7 present.
Nov 29 03:04:43 admin1-HP-EliteBook-Folio-9480m kernel: [    0.000000] DMI: Hewlett-Packard HP EliteBook Folio 9480m/22DA, BIOS M85 Ver. 01.42 01/25/2018
Nov 29 03:04:43 admin1-HP-EliteBook-Folio-9480m kernel: [    0.000000] e820: update [mem 0x00000000-0x00000fff] usable ==> reserved
Nov 29 03:04:43 admin1-HP-EliteBook-Folio-9480m kernel: [    0.000000] e820: remove [mem 0x000a0000-0x000fffff] usable
Nov 29 03:04:43 admin1-HP-EliteBook-Folio-9480m kernel: [    0.000000] e820: last_pfn = 0x24fe00 max_arch_pfn = 0x400000000
Nov 29 03:04:43 admin1-HP-EliteBook-Folio-9480m kernel: [    0.000000] MTRR default type: uncachable
Nov 29 03:04:43 admin1-HP-EliteBook-Folio-9480m kernel: [    0.000000] MTRR fixed ranges enabled:
Nov 29 03:04:43 admin1-HP-EliteBook-Folio-9480m kernel: [    0.000000]   00000-9FFFF write-back
Nov 29 03:04:43 admin1-HP-EliteBook-Folio-9480m kernel: [    0.000000]   A0000-BFFFF uncachable
Nov 29 03:04:43 admin1-HP-EliteBook-Folio-9480m kernel: [    0.000000]   C0000-FFFFF write-protect
Nov 29 03:04:43 admin1-HP-EliteBook-Folio-9480m kernel: [    0.000000] MTRR variable ranges enabled:
Nov 29 03:04:43 admin1-HP-EliteBook-Folio-9480m kernel: [    0.000000]   0 base 00FF000000 mask 7FFF000000 write-protect
Nov 29 03:04:43 admin1-HP-EliteBook-Folio-9480m kernel: [    0.000000]   1 base 0000000000 mask 7F80000000 write-back
Nov 29 03:04:43 admin1-HP-EliteBook-Folio-9480m kernel: [    0.000000]   2 base 0080000000 mask 7FE0000000 write-back
Nov 29 03:04:43 admin1-HP-EliteBook-Folio-9480m kernel: [    0.000000]   3 base 00A0000000 mask 7FF8000000 write-back
Nov 29 03:04:43 admin1-HP-EliteBook-Folio-9480m kernel: [    0.000000]   4 base 00A8000000 mask 7FFC000000 write-back
Nov 29 03:04:43 admin1-HP-EliteBook-Folio-9480m kernel: [    0.000000]   5 base 0100000000 mask 7F00000000 write-back
Nov 29 03:04:43 admin1-HP-EliteBook-Folio-9480m kernel: [    0.000000]   6 base 0200000000 mask 7FC0000000 write-back
Nov 29 03:04:43 admin1-HP-EliteBook-Folio-9480m kernel: [    0.000000]   7 base 0240000000 mask 7FE0000000 write-back
Nov 29 03:04:43 admin1-HP-EliteBook-Folio-9480m kernel: [    0.000000]   8 base 0250000000 mask 7FF0000000 uncachable
Nov 29 03:04:43 admin1-HP-EliteBook-Folio-9480m kernel: [    0.000000]   9 base 024FE00000 mask 7FFFE00000 uncachable
Nov 29 03:04:43 admin1-HP-EliteBook-Folio-9480m kernel: [    0.000000] x86/PAT: Configuration [0-7]: WB  WC  UC- UC  WB  WP  UC- WT  
Nov 29 03:04:43 admin1-HP-EliteBook-Folio-9480m kernel: [    0.000000] e820: last_pfn = 0xaa000 max_arch_pfn = 0x400000000
Nov 29 03:04:43 admin1-HP-EliteBook-Folio-9480m kernel: [    0.000000] Scanning 1 areas for low memory corruption
Nov 29 03:04:43 admin1-HP-EliteBook-Folio-9480m kernel: [    0.000000] Base memory trampoline at [        (ptrval)] 73000 size 24576
Nov 29 03:04:43 admin1-HP-EliteBook-Folio-9480m kernel: [    0.000000] Using GB pages for direct mapping
Nov 29 03:04:43 admin1-HP-EliteBook-Folio-9480m kernel: [    0.000000] BRK [0x1d2b3f000, 0x1d2b3ffff] PGTABLE
Nov 29 03:04:43 admin1-HP-EliteBook-Folio-9480m kernel: [    0.000000] BRK [0x1d2b40000, 0x1d2b40fff] PGTABLE
Nov 29 03:04:43 admin1-HP-EliteBook-Folio-9480m kernel: [    0.000000] BRK [0x1d2b41000, 0x1d2b41fff] PGTABLE
Nov 29 03:04:43 admin1-HP-EliteBook-Folio-9480m kernel: [    0.000000] BRK [0x1d2b42000, 0x1d2b42fff] PGTABLE
Nov 29 03:04:43 admin1-HP-EliteBook-Folio-9480m kernel: [    0.000000] BRK [0x1d2b43000, 0x1d2b43fff] PGTABLE
Nov 29 03:04:43 admin1-HP-EliteBook-Folio-9480m kernel: [    0.000000] BRK [0x1d2b44000, 0x1d2b44fff] PGTABLE
Nov 29 03:04:43 admin1-HP-EliteBook-Folio-9480m kernel: [    0.000000] BRK [0x1d2b45000, 0x1d2b45fff] PGTABLE
Nov 29 03:04:43 admin1-HP-EliteBook-Folio-9480m kernel: [    0.000000] BRK [0x1d2b46000, 0x1d2b46fff] PGTABLE
Nov 29 03:04:43 admin1-HP-EliteBook-Folio-9480m kernel: [    0.000000] RAMDISK: [mem 0x3192f000-0x34c8efff]
Nov 29 03:04:43 admin1-HP-EliteBook-Folio-9480m kernel: [    0.000000] ACPI: Early table checksum verification disabled
Nov 29 03:04:43 admin1-HP-EliteBook-Folio-9480m kernel: [    0.000000] ACPI: RSDP 0x00000000A9FFE014 000024 (v02 HPQOEM)
Nov 29 03:04:43 admin1-HP-EliteBook-Folio-9480m kernel: [    0.000000] ACPI: XSDT 0x00000000A9FFD0E8 0000A4 (v01 HPQOEM SLIC-MPC 00000001      01000013)
Nov 29 03:04:43 admin1-HP-EliteBook-Folio-9480m kernel: [    0.000000] ACPI: FACP 0x00000000A9FFB000 00010C (v05 HPQOEM 22DA     00000001 HP   00000001)
Nov 29 03:04:43 admin1-HP-EliteBook-Folio-9480m kernel: [    0.000000] ACPI: DSDT 0x00000000A9FCF000 026520 (v02 HPQOEM 22DA     00000001 INTL 20130927)
Nov 29 03:04:43 admin1-HP-EliteBook-Folio-9480m kernel: [    0.000000] ACPI: FACS 0x00000000A9F76000 000040
Nov 29 03:04:43 admin1-HP-EliteBook-Folio-9480m kernel: [    0.000000] ACPI: HPET 0x00000000A9FFA000 000038 (v01 HPQOEM 22DA     00000001 HP   00000001)
Nov 29 03:04:43 admin1-HP-EliteBook-Folio-9480m kernel: [    0.000000] ACPI: APIC 0x00000000A9FF9000 0000BC (v01 HPQOEM 22DA     00000001 HP   00000001)
Nov 29 03:04:43 admin1-HP-EliteBook-Folio-9480m kernel: [    0.000000] ACPI: MCFG 0x00000000A9FF8000 00003C (v01 HPQOEM 22DA     00000001 HP   00000001)
Nov 29 03:04:43 admin1-HP-EliteBook-Folio-9480m kernel: [    0.000000] ACPI: TCPA 0x00000000A9FF6000 000032 (v02 HPQOEM 22DA     00000000 HP   00000001)
Nov 29 03:04:43 admin1-HP-EliteBook-Folio-9480m kernel: [    0.000000] ACPI: SSDT 0x00000000A9FCC000 0002D9 (v01 HPQOEM SataAhci 00001000 INTL 20130927)
Nov 29 03:04:43 admin1-HP-EliteBook-Folio-9480m kernel: [    0.000000] ACPI: SSDT 0x00000000A9FCB000 00048A (v01 HPQOEM PtidDevc 00001000 INTL 20130927)
Nov 29 03:04:43 admin1-HP-EliteBook-Folio-9480m kernel: [    0.000000] ACPI: SLIC 0x00000000A9FCA000 000176 (v01 HPQOEM SLIC-MPC 00000001 HP   00000001)
Nov 29 03:04:43 admin1-HP-EliteBook-Folio-9480m kernel: [    0.000000] ACPI: MSDM 0x00000000A9FC9000 000055 (v03 HPQOEM SLIC-MPC 00000000 HP   00000001)
Nov 29 03:04:43 admin1-HP-EliteBook-Folio-9480m kernel: [    0.000000] ACPI: FPDT 0x00000000A9FC8000 000044 (v01 HPQOEM 22DA     00000001 HP   00000001)
Nov 29 03:04:43 admin1-HP-EliteBook-Folio-9480m kernel: [    0.000000] ACPI: BGRT 0x00000000A9FC7000 000038 (v00 HPQOEM 22DA     00000001 HP   00000001)
Nov 29 03:04:43 admin1-HP-EliteBook-Folio-9480m kernel: [    0.000000] ACPI: SSDT 0x00000000A9FC4000 000544 (v02 PmRef  Cpu0Ist  00003000 INTL 20130927)
Nov 29 03:04:43 admin1-HP-EliteBook-Folio-9480m kernel: [    0.000000] ACPI: SSDT 0x00000000A9FC3000 000B8F (v02 CpuRef CpuSsdt  00003000 INTL 20130927)
Nov 29 03:04:43 admin1-HP-EliteBook-Folio-9480m kernel: [    0.000000] ACPI: SSDT 0x00000000A9FC2000 0001D5 (v02 PmRef  LakeTiny 00003000 INTL 20130927)
Nov 29 03:04:43 admin1-HP-EliteBook-Folio-9480m kernel: [    0.000000] ACPI: SSDT 0x00000000A9FC1000 00092C (v02 SaSsdt SaSsdt   00003000 INTL 20130927)
Nov 29 03:04:43 admin1-HP-EliteBook-Folio-9480m kernel: [    0.000000] ACPI: ASF! 0x00000000A9FF7000 0000A5 (v32 HPQOEM 22DA     00000001 HP   00000001)
Nov 29 03:04:43 admin1-HP-EliteBook-Folio-9480m kernel: [    0.000000] ACPI: Local APIC address 0xfee00000
Nov 29 03:04:43 admin1-HP-EliteBook-Folio-9480m kernel: [    0.000000] No NUMA configuration found
Nov 29 03:04:43 admin1-HP-EliteBook-Folio-9480m kernel: [    0.000000] Faking a node at [mem 0x0000000000000000-0x000000024fdfffff]
Nov 29 03:04:43 admin1-HP-EliteBook-Folio-9480m kernel: [    0.000000] NODE_DATA(0) allocated [mem 0x24fdd5000-0x24fdfffff]
Nov 29 03:04:43 admin1-HP-EliteBook-Folio-9480m kernel: [    0.000000] tsc: Fast TSC calibration using PIT
Nov 29 03:04:43 admin1-HP-EliteBook-Folio-9480m kernel: [    0.000000] Zone ranges:
Nov 29 03:04:43 admin1-HP-EliteBook-Folio-9480m kernel: [    0.000000]   DMA      [mem 0x0000000000001000-0x0000000000ffffff]
Nov 29 03:04:43 admin1-HP-EliteBook-Folio-9480m kernel: [    0.000000]   DMA32    [mem 0x0000000001000000-0x00000000ffffffff]
Nov 29 03:04:43 admin1-HP-EliteBook-Folio-9480m kernel: [    0.000000]   Normal   [mem 0x0000000100000000-0x000000024fdfffff]
Nov 29 03:04:43 admin1-HP-EliteBook-Folio-9480m kernel: [    0.000000]   Device   empty
Nov 29 03:04:43 admin1-HP-EliteBook-Folio-9480m kernel: [    0.000000] Movable zone start for each node
Nov 29 03:04:43 admin1-HP-EliteBook-Folio-9480m kernel: [    0.000000] Early memory node ranges
Nov 29 03:04:43 admin1-HP-EliteBook-Folio-9480m kernel: [    0.000000]   node   0: [mem 0x0000000000001000-0x0000000000057fff]
Nov 29 03:04:43 admin1-HP-EliteBook-Folio-9480m kernel: [    0.000000]   node   0: [mem 0x0000000000059000-0x0000000000097fff]
Nov 29 03:04:43 admin1-HP-EliteBook-Folio-9480m kernel: [    0.000000]   node   0: [mem 0x0000000000100000-0x00000000a8b7efff]
Nov 29 03:04:43 admin1-HP-EliteBook-Folio-9480m kernel: [    0.000000]   node   0: [mem 0x00000000a9fff000-0x00000000a9ffffff]
Nov 29 03:04:43 admin1-HP-EliteBook-Folio-9480m kernel: [    0.000000]   node   0: [mem 0x0000000100000000-0x000000024fdfffff]
Nov 29 03:04:43 admin1-HP-EliteBook-Folio-9480m kernel: [    0.000000] Initmem setup node 0 [mem 0x0000000000001000-0x000000024fdfffff]
Nov 29 03:04:43 admin1-HP-EliteBook-Folio-9480m kernel: [    0.000000] On node 0 totalpages: 2066710
Nov 29 03:04:43 admin1-HP-EliteBook-Folio-9480m kernel: [    0.000000]   DMA zone: 64 pages used for memmap
Nov 29 03:04:43 admin1-HP-EliteBook-Folio-9480m kernel: [    0.000000]   DMA zone: 1073 pages reserved
Nov 29 03:04:43 admin1-HP-EliteBook-Folio-9480m kernel: [    0.000000]   DMA zone: 3990 pages, LIFO batch:0
Nov 29 03:04:43 admin1-HP-EliteBook-Folio-9480m kernel: [    0.000000]   DMA32 zone: 10734 pages used for memmap
Nov 29 03:04:43 admin1-HP-EliteBook-Folio-9480m kernel: [    0.000000]   DMA32 zone: 686976 pages, LIFO batch:31
Nov 29 03:04:43 admin1-HP-EliteBook-Folio-9480m kernel: [    0.000000]   Normal zone: 21496 pages used for memmap
Nov 29 03:04:43 admin1-HP-EliteBook-Folio-9480m kernel: [    0.000000]   Normal zone: 1375744 pages, LIFO batch:31
Nov 29 03:04:43 admin1-HP-EliteBook-Folio-9480m kernel: [    0.000000] Reserved but unavailable: 100 pages
Nov 29 03:04:43 admin1-HP-EliteBook-Folio-9480m kernel: [    0.000000] Reserving Intel graphics memory at 0x00000000ac200000-0x00000000ae1fffff
Nov 29 03:04:43 admin1-HP-EliteBook-Folio-9480m kernel: [    0.000000] ACPI: PM-Timer IO Port: 0x1808
Nov 29 03:04:43 admin1-HP-EliteBook-Folio-9480m kernel: [    0.000000] ACPI: Local APIC address 0xfee00000
Nov 29 03:04:43 admin1-HP-EliteBook-Folio-9480m kernel: [    0.000000] ACPI: LAPIC_NMI (acpi_id[0x00] high edge lint[0x1])
Nov 29 03:04:43 admin1-HP-EliteBook-Folio-9480m kernel: [    0.000000] ACPI: LAPIC_NMI (acpi_id[0x01] high edge lint[0x1])
Nov 29 03:04:43 admin1-HP-EliteBook-Folio-9480m kernel: [    0.000000] ACPI: LAPIC_NMI (acpi_id[0x02] high edge lint[0x1])
Nov 29 03:04:43 admin1-HP-EliteBook-Folio-9480m kernel: [    0.000000] ACPI: LAPIC_NMI (acpi_id[0x03] high edge lint[0x1])
Nov 29 03:04:43 admin1-HP-EliteBook-Folio-9480m kernel: [    0.000000] ACPI: LAPIC_NMI (acpi_id[0x04] high edge lint[0x1])
Nov 29 03:04:43 admin1-HP-EliteBook-Folio-9480m kernel: [    0.000000] ACPI: LAPIC_NMI (acpi_id[0x05] high edge lint[0x1])
Nov 29 03:04:43 admin1-HP-EliteBook-Folio-9480m kernel: [    0.000000] ACPI: LAPIC_NMI (acpi_id[0x06] high edge lint[0x1])
Nov 29 03:04:43 admin1-HP-EliteBook-Folio-9480m kernel: [    0.000000] ACPI: LAPIC_NMI (acpi_id[0x07] high edge lint[0x1])
Nov 29 03:04:43 admin1-HP-EliteBook-Folio-9480m kernel: [    0.000000] IOAPIC[0]: apic_id 0, version 32, address 0xfec00000, GSI 0-39
Nov 29 03:04:43 admin1-HP-EliteBook-Folio-9480m kernel: [    0.000000] ACPI: INT_SRC_OVR (bus 0 bus_irq 0 global_irq 2 dfl dfl)
Nov 29 03:04:43 admin1-HP-EliteBook-Folio-9480m kernel: [    0.000000] ACPI: INT_SRC_OVR (bus 0 bus_irq 9 global_irq 9 high level)
Nov 29 03:04:43 admin1-HP-EliteBook-Folio-9480m kernel: [    0.000000] ACPI: IRQ0 used by override.
Nov 29 03:04:43 admin1-HP-EliteBook-Folio-9480m kernel: [    0.000000] ACPI: IRQ9 used by override.
Nov 29 03:04:43 admin1-HP-EliteBook-Folio-9480m kernel: [    0.000000] Using ACPI (MADT) for SMP configuration information
Nov 29 03:04:43 admin1-HP-EliteBook-Folio-9480m kernel: [    0.000000] ACPI: HPET id: 0x8086a201 base: 0xfed00000
Nov 29 03:04:43 admin1-HP-EliteBook-Folio-9480m kernel: [    0.000000] smpboot: Allowing 8 CPUs, 4 hotplug CPUs
Nov 29 03:04:43 admin1-HP-EliteBook-Folio-9480m kernel: [    0.000000] PM: Registered nosave memory: [mem 0x00000000-0x00000fff]
Nov 29 03:04:43 admin1-HP-EliteBook-Folio-9480m kernel: [    0.000000] PM: Registered nosave memory: [mem 0x00058000-0x00058fff]
Nov 29 03:04:43 admin1-HP-EliteBook-Folio-9480m kernel: [    0.000000] PM: Registered nosave memory: [mem 0x00098000-0x0009ffff]
Nov 29 03:04:43 admin1-HP-EliteBook-Folio-9480m kernel: [    0.000000] PM: Registered nosave memory: [mem 0x000a0000-0x000fffff]
Nov 29 03:04:43 admin1-HP-EliteBook-Folio-9480m kernel: [    0.000000] PM: Registered nosave memory: [mem 0xa8b7f000-0xa927efff]
Nov 29 03:04:43 admin1-HP-EliteBook-Folio-9480m kernel: [    0.000000] PM: Registered nosave memory: [mem 0xa927f000-0xa9e7efff]
Nov 29 03:04:43 admin1-HP-EliteBook-Folio-9480m kernel: [    0.000000] PM: Registered nosave memory: [mem 0xa9e7f000-0xa9f7efff]
Nov 29 03:04:43 admin1-HP-EliteBook-Folio-9480m kernel: [    0.000000] PM: Registered nosave memory: [mem 0xa9f7f000-0xa9ffefff]
Nov 29 03:04:43 admin1-HP-EliteBook-Folio-9480m kernel: [    0.000000] PM: Registered nosave memory: [mem 0xaa000000-0xac1fffff]
Nov 29 03:04:43 admin1-HP-EliteBook-Folio-9480m kernel: [    0.000000] PM: Registered nosave memory: [mem 0xac200000-0xae1fffff]
Nov 29 03:04:43 admin1-HP-EliteBook-Folio-9480m kernel: [    0.000000] PM: Registered nosave memory: [mem 0xae200000-0xe00f7fff]
Nov 29 03:04:43 admin1-HP-EliteBook-Folio-9480m kernel: [    0.000000] PM: Registered nosave memory: [mem 0xe00f8000-0xe00f8fff]
Nov 29 03:04:43 admin1-HP-EliteBook-Folio-9480m kernel: [    0.000000] PM: Registered nosave memory: [mem 0xe00f9000-0xfed1bfff]
Nov 29 03:04:43 admin1-HP-EliteBook-Folio-9480m kernel: [    0.000000] PM: Registered nosave memory: [mem 0xfed1c000-0xfed1ffff]
Nov 29 03:04:43 admin1-HP-EliteBook-Folio-9480m kernel: [    0.000000] PM: Registered nosave memory: [mem 0xfed20000-0xff64ffff]
Nov 29 03:04:43 admin1-HP-EliteBook-Folio-9480m kernel: [    0.000000] PM: Registered nosave memory: [mem 0xff650000-0xff66efff]
Nov 29 03:04:43 admin1-HP-EliteBook-Folio-9480m kernel: [    0.000000] PM: Registered nosave memory: [mem 0xff66f000-0xffffffff]
Nov 29 03:04:43 admin1-HP-EliteBook-Folio-9480m kernel: [    0.000000] e820: [mem 0xae200000-0xe00f7fff] available for PCI devices
Nov 29 03:04:43 admin1-HP-EliteBook-Folio-9480m kernel: [    0.000000] Booting paravirtualized kernel on bare hardware
Nov 29 03:04:43 admin1-HP-EliteBook-Folio-9480m kernel: [    0.000000] clocksource: refined-jiffies: mask: 0xffffffff max_cycles: 0xffffffff, max_idle_ns: 7645519600211568 ns
Nov 29 03:04:43 admin1-HP-EliteBook-Folio-9480m kernel: [    0.000000] random: get_random_bytes called from start_kernel+0x99/0x4fd with crng_init=0
Nov 29 03:04:43 admin1-HP-EliteBook-Folio-9480m kernel: [    0.000000] setup_percpu: NR_CPUS:8192 nr_cpumask_bits:8 nr_cpu_ids:8 nr_node_ids:1
Nov 29 03:04:43 admin1-HP-EliteBook-Folio-9480m kernel: [    0.000000] percpu: Embedded 46 pages/cpu @        (ptrval) s151552 r8192 d28672 u262144
Nov 29 03:04:43 admin1-HP-EliteBook-Folio-9480m kernel: [    0.000000] pcpu-alloc: s151552 r8192 d28672 u262144 alloc=1*2097152
Nov 29 03:04:43 admin1-HP-EliteBook-Folio-9480m kernel: [    0.000000] pcpu-alloc: [0] 0 1 2 3 4 5 6 7 
Nov 29 03:04:43 admin1-HP-EliteBook-Folio-9480m kernel: [    0.000000] Built 1 zonelists, mobility grouping on.  Total pages: 2033343
Nov 29 03:04:43 admin1-HP-EliteBook-Folio-9480m kernel: [    0.000000] Policy zone: Normal
Nov 29 03:04:43 admin1-HP-EliteBook-Folio-9480m kernel: [    0.000000] Kernel command line: BOOT_IMAGE=/boot/vmlinuz-4.15.0-29-generic root=UUID=b7186ec7-31ef-45f8-95a5-f36109a8d392 ro quiet splash vt.handoff=1
Nov 29 03:04:43 admin1-HP-EliteBook-Folio-9480m kernel: [    0.000000] Calgary: detecting Calgary via BIOS EBDA area
Nov 29 03:04:43 admin1-HP-EliteBook-Folio-9480m kernel: [    0.000000] Calgary: Unable to locate Rio Grande table in EBDA - bailing!
Nov 29 03:04:43 admin1-HP-EliteBook-Folio-9480m kernel: [    0.000000] Memory: 7846264K/8266840K available (12300K kernel code, 2470K rwdata, 4240K rodata, 2408K init, 2416K bss, 420576K reserved, 0K cma-reserved)
Nov 29 03:04:43 admin1-HP-EliteBook-Folio-9480m kernel: [    0.000000] SLUB: HWalign=64, Order=0-3, MinObjects=0, CPUs=8, Nodes=1
Nov 29 03:04:43 admin1-HP-EliteBook-Folio-9480m kernel: [    0.000000] Kernel/User page tables isolation: enabled
Nov 29 03:04:43 admin1-HP-EliteBook-Folio-9480m kernel: [    0.000000] ftrace: allocating 39092 entries in 153 pages
Nov 29 03:04:43 admin1-HP-EliteBook-Folio-9480m kernel: [    0.000000] Hierarchical RCU implementation.
Nov 29 03:04:43 admin1-HP-EliteBook-Folio-9480m kernel: [    0.000000] 	RCU restricting CPUs from NR_CPUS=8192 to nr_cpu_ids=8.
Nov 29 03:04:43 admin1-HP-EliteBook-Folio-9480m kernel: [    0.000000] 	Tasks RCU enabled.
Nov 29 03:04:43 admin1-HP-EliteBook-Folio-9480m kernel: [    0.000000] RCU: Adjusting geometry for rcu_fanout_leaf=16, nr_cpu_ids=8
Nov 29 03:04:43 admin1-HP-EliteBook-Folio-9480m kernel: [    0.000000] NR_IRQS: 524544, nr_irqs: 760, preallocated irqs: 16
Nov 29 03:04:43 admin1-HP-EliteBook-Folio-9480m kernel: [    0.000000] vt handoff: transparent VT on vt#1
Nov 29 03:04:43 admin1-HP-EliteBook-Folio-9480m kernel: [    0.000000] Console: colour dummy device 80x25
Nov 29 03:04:43 admin1-HP-EliteBook-Folio-9480m kernel: [    0.000000] console [tty0] enabled
Nov 29 03:04:43 admin1-HP-EliteBook-Folio-9480m kernel: [    0.000000] ACPI: Core revision 20170831
Nov 29 03:04:43 admin1-HP-EliteBook-Folio-9480m kernel: [    0.000000] ACPI: 7 ACPI AML tables successfully acquired and loaded
Nov 29 03:04:43 admin1-HP-EliteBook-Folio-9480m kernel: [    0.000000] clocksource: hpet: mask: 0xffffffff max_cycles: 0xffffffff, max_idle_ns: 133484882848 ns
Nov 29 03:04:43 admin1-HP-EliteBook-Folio-9480m kernel: [    0.000000] hpet clockevent registered
Nov 29 03:04:43 admin1-HP-EliteBook-Folio-9480m kernel: [    0.000000] APIC: Switch to symmetric I/O mode setup
Nov 29 03:04:43 admin1-HP-EliteBook-Folio-9480m kernel: [    0.000000] x2apic: IRQ remapping doesn't support X2APIC mode
Nov 29 03:04:43 admin1-HP-EliteBook-Folio-9480m kernel: [    0.000000] ..TIMER: vector=0x30 apic1=0 pin1=2 apic2=-1 pin2=-1
Nov 29 03:04:43 admin1-HP-EliteBook-Folio-9480m kernel: [    0.020000] tsc: Fast TSC calibration using PIT
Nov 29 03:04:43 admin1-HP-EliteBook-Folio-9480m kernel: [    0.024000] tsc: Detected 2593.963 MHz processor
Nov 29 03:04:43 admin1-HP-EliteBook-Folio-9480m kernel: [    0.024000] Calibrating delay loop (skipped), value calculated using timer frequency.. 5187.92 BogoMIPS (lpj=10375852)
Nov 29 03:04:43 admin1-HP-EliteBook-Folio-9480m kernel: [    0.024000] pid_max: default: 32768 minimum: 301
Nov 29 03:04:43 admin1-HP-EliteBook-Folio-9480m kernel: [    0.035729] Security Framework initialized
Nov 29 03:04:43 admin1-HP-EliteBook-Folio-9480m kernel: [    0.035731] Yama: becoming mindful.
Nov 29 03:04:43 admin1-HP-EliteBook-Folio-9480m kernel: [    0.035762] AppArmor: AppArmor initialized
Nov 29 03:04:43 admin1-HP-EliteBook-Folio-9480m kernel: [    0.037260] Dentry cache hash table entries: 1048576 (order: 11, 8388608 bytes)
Nov 29 03:04:43 admin1-HP-EliteBook-Folio-9480m kernel: [    0.038074] Inode-cache hash table entries: 524288 (order: 10, 4194304 bytes)
Nov 29 03:04:43 admin1-HP-EliteBook-Folio-9480m kernel: [    0.038114] Mount-cache hash table entries: 16384 (order: 5, 131072 bytes)
Nov 29 03:04:43 admin1-HP-EliteBook-Folio-9480m kernel: [    0.038140] Mountpoint-cache hash table entries: 16384 (order: 5, 131072 bytes)
Nov 29 03:04:43 admin1-HP-EliteBook-Folio-9480m kernel: [    0.038390] CPU: Physical Processor ID: 0
Nov 29 03:04:43 admin1-HP-EliteBook-Folio-9480m kernel: [    0.038391] CPU: Processor Core ID: 0
Nov 29 03:04:43 admin1-HP-EliteBook-Folio-9480m kernel: [    0.038397] ENERGY_PERF_BIAS: Set to 'normal', was 'performance'
Nov 29 03:04:43 admin1-HP-EliteBook-Folio-9480m kernel: [    0.038398] ENERGY_PERF_BIAS: View and update with x86_energy_perf_policy(8)
Nov 29 03:04:43 admin1-HP-EliteBook-Folio-9480m kernel: [    0.038403] mce: CPU supports 7 MCE banks
Nov 29 03:04:43 admin1-HP-EliteBook-Folio-9480m kernel: [    0.038412] CPU0: Thermal monitoring enabled (TM1)
Nov 29 03:04:43 admin1-HP-EliteBook-Folio-9480m kernel: [    0.038425] process: using mwait in idle threads
Nov 29 03:04:43 admin1-HP-EliteBook-Folio-9480m kernel: [    0.038428] Last level iTLB entries: 4KB 1024, 2MB 1024, 4MB 1024
Nov 29 03:04:43 admin1-HP-EliteBook-Folio-9480m kernel: [    0.038429] Last level dTLB entries: 4KB 1024, 2MB 1024, 4MB 1024, 1GB 4
Nov 29 03:04:43 admin1-HP-EliteBook-Folio-9480m kernel: [    0.038431] Spectre V2 : Mitigation: Full generic retpoline
Nov 29 03:04:43 admin1-HP-EliteBook-Folio-9480m kernel: [    0.038432] Spectre V2 : Spectre v2 mitigation: Enabling Indirect Branch Prediction Barrier
Nov 29 03:04:43 admin1-HP-EliteBook-Folio-9480m kernel: [    0.038432] Spectre V2 : Enabling Restricted Speculation for firmware calls
Nov 29 03:04:43 admin1-HP-EliteBook-Folio-9480m kernel: [    0.038433] Speculative Store Bypass: Vulnerable
Nov 29 03:04:43 admin1-HP-EliteBook-Folio-9480m kernel: [    0.038844] Freeing SMP alternatives memory: 36K
Nov 29 03:04:43 admin1-HP-EliteBook-Folio-9480m kernel: [    0.044869] TSC deadline timer enabled
Nov 29 03:04:43 admin1-HP-EliteBook-Folio-9480m kernel: [    0.044872] smpboot: CPU0: Intel(R) Core(TM) i5-4310U CPU @ 2.00GHz (family: 0x6, model: 0x45, stepping: 0x1)
Nov 29 03:04:43 admin1-HP-EliteBook-Folio-9480m kernel: [    0.044953] Performance Events: PEBS fmt2+, Haswell events, 16-deep LBR, full-width counters, Intel PMU driver.
Nov 29 03:04:43 admin1-HP-EliteBook-Folio-9480m kernel: [    0.045003] ... version:                3
Nov 29 03:04:43 admin1-HP-EliteBook-Folio-9480m kernel: [    0.045003] ... bit width:              48
Nov 29 03:04:43 admin1-HP-EliteBook-Folio-9480m kernel: [    0.045004] ... generic registers:      4
Nov 29 03:04:43 admin1-HP-EliteBook-Folio-9480m kernel: [    0.045005] ... value mask:             0000ffffffffffff
Nov 29 03:04:43 admin1-HP-EliteBook-Folio-9480m kernel: [    0.045006] ... max period:             00007fffffffffff
Nov 29 03:04:43 admin1-HP-EliteBook-Folio-9480m kernel: [    0.045006] ... fixed-purpose events:   3
Nov 29 03:04:43 admin1-HP-EliteBook-Folio-9480m kernel: [    0.045007] ... event mask:             000000070000000f
Nov 29 03:04:43 admin1-HP-EliteBook-Folio-9480m kernel: [    0.045048] Hierarchical SRCU implementation.
Nov 29 03:04:43 admin1-HP-EliteBook-Folio-9480m kernel: [    0.046584] NMI watchdog: Enabled. Permanently consumes one hw-PMU counter.
Nov 29 03:04:43 admin1-HP-EliteBook-Folio-9480m kernel: [    0.046601] smp: Bringing up secondary CPUs ...
Nov 29 03:04:43 admin1-HP-EliteBook-Folio-9480m kernel: [    0.046686] x86: Booting SMP configuration:
Nov 29 03:04:43 admin1-HP-EliteBook-Folio-9480m kernel: [    0.046688] .... node  #0, CPUs:      #1 #2 #3
Nov 29 03:04:43 admin1-HP-EliteBook-Folio-9480m kernel: [    0.047116] smp: Brought up 1 node, 4 CPUs
Nov 29 03:04:43 admin1-HP-EliteBook-Folio-9480m kernel: [    0.047116] smpboot: Max logical packages: 2
Nov 29 03:04:43 admin1-HP-EliteBook-Folio-9480m kernel: [    0.047116] smpboot: Total of 4 processors activated (20751.70 BogoMIPS)
Nov 29 03:04:43 admin1-HP-EliteBook-Folio-9480m kernel: [    0.048338] devtmpfs: initialized
Nov 29 03:04:43 admin1-HP-EliteBook-Folio-9480m kernel: [    0.048338] x86/mm: Memory block size: 128MB
Nov 29 03:04:43 admin1-HP-EliteBook-Folio-9480m kernel: [    0.048830] evm: security.selinux
Nov 29 03:04:43 admin1-HP-EliteBook-Folio-9480m kernel: [    0.048831] evm: security.SMACK64
Nov 29 03:04:43 admin1-HP-EliteBook-Folio-9480m kernel: [    0.048832] evm: security.SMACK64EXEC
Nov 29 03:04:43 admin1-HP-EliteBook-Folio-9480m kernel: [    0.048832] evm: security.SMACK64TRANSMUTE
Nov 29 03:04:43 admin1-HP-EliteBook-Folio-9480m kernel: [    0.048833] evm: security.SMACK64MMAP
Nov 29 03:04:43 admin1-HP-EliteBook-Folio-9480m kernel: [    0.048834] evm: security.apparmor
Nov 29 03:04:43 admin1-HP-EliteBook-Folio-9480m kernel: [    0.048834] evm: security.ima
Nov 29 03:04:43 admin1-HP-EliteBook-Folio-9480m kernel: [    0.048835] evm: security.capability
Nov 29 03:04:43 admin1-HP-EliteBook-Folio-9480m kernel: [    0.048851] PM: Registering ACPI NVS region [mem 0xa9e7f000-0xa9f7efff] (1048576 bytes)
Nov 29 03:04:43 admin1-HP-EliteBook-Folio-9480m kernel: [    0.048851] clocksource: jiffies: mask: 0xffffffff max_cycles: 0xffffffff, max_idle_ns: 7645041785100000 ns
Nov 29 03:04:43 admin1-HP-EliteBook-Folio-9480m kernel: [    0.048851] futex hash table entries: 2048 (order: 5, 131072 bytes)
Nov 29 03:04:43 admin1-HP-EliteBook-Folio-9480m kernel: [    0.048851] pinctrl core: initialized pinctrl subsystem
Nov 29 03:04:43 admin1-HP-EliteBook-Folio-9480m kernel: [    0.048851] RTC time: 21:34:21, date: 11/28/19
Nov 29 03:04:43 admin1-HP-EliteBook-Folio-9480m kernel: [    0.048851] NET: Registered protocol family 16
Nov 29 03:04:43 admin1-HP-EliteBook-Folio-9480m kernel: [    0.048851] audit: initializing netlink subsys (disabled)
Nov 29 03:04:43 admin1-HP-EliteBook-Folio-9480m kernel: [    0.048851] audit: type=2000 audit(1574976860.048:1): state=initialized audit_enabled=0 res=1
Nov 29 03:04:43 admin1-HP-EliteBook-Folio-9480m kernel: [    0.048851] cpuidle: using governor ladder
Nov 29 03:04:43 admin1-HP-EliteBook-Folio-9480m kernel: [    0.048851] cpuidle: using governor menu
Nov 29 03:04:43 admin1-HP-EliteBook-Folio-9480m kernel: [    0.048851] ACPI FADT declares the system doesn't support PCIe ASPM, so disable it
Nov 29 03:04:43 admin1-HP-EliteBook-Folio-9480m kernel: [    0.048851] ACPI: bus type PCI registered
Nov 29 03:04:43 admin1-HP-EliteBook-Folio-9480m kernel: [    0.048851] acpiphp: ACPI Hot Plug PCI Controller Driver version: 0.5
Nov 29 03:04:43 admin1-HP-EliteBook-Folio-9480m kernel: [    0.048851] PCI: MMCONFIG for domain 0000 [bus 00-ff] at [mem 0xe0000000-0xefffffff] (base 0xe0000000)
Nov 29 03:04:43 admin1-HP-EliteBook-Folio-9480m kernel: [    0.048851] PCI: not using MMCONFIG
Nov 29 03:04:43 admin1-HP-EliteBook-Folio-9480m kernel: [    0.048851] PCI: Using configuration type 1 for base access
Nov 29 03:04:43 admin1-HP-EliteBook-Folio-9480m kernel: [    0.048851] core: PMU erratum BJ122, BV98, HSD29 worked around, HT is on
Nov 29 03:04:43 admin1-HP-EliteBook-Folio-9480m kernel: [    0.049421] HugeTLB registered 1.00 GiB page size, pre-allocated 0 pages
Nov 29 03:04:43 admin1-HP-EliteBook-Folio-9480m kernel: [    0.049421] HugeTLB registered 2.00 MiB page size, pre-allocated 0 pages
Nov 29 03:04:43 admin1-HP-EliteBook-Folio-9480m kernel: [    0.052074] ACPI: Added _OSI(Module Device)
Nov 29 03:04:43 admin1-HP-EliteBook-Folio-9480m kernel: [    0.052075] ACPI: Added _OSI(Processor Device)
Nov 29 03:04:43 admin1-HP-EliteBook-Folio-9480m kernel: [    0.052076] ACPI: Added _OSI(3.0 _SCP Extensions)
Nov 29 03:04:43 admin1-HP-EliteBook-Folio-9480m kernel: [    0.052077] ACPI: Added _OSI(Processor Aggregator Device)
Nov 29 03:04:43 admin1-HP-EliteBook-Folio-9480m kernel: [    0.052079] ACPI: Added _OSI(Linux-Dell-Video)
Nov 29 03:04:43 admin1-HP-EliteBook-Folio-9480m kernel: [    0.063913] ACPI: [Firmware Bug]: BIOS _OSI(Linux) query ignored
Nov 29 03:04:43 admin1-HP-EliteBook-Folio-9480m kernel: [    0.077059] ACPI: Dynamic OEM Table Load:
Nov 29 03:04:43 admin1-HP-EliteBook-Folio-9480m kernel: [    0.077069] ACPI: SSDT 0xFFFF909EC5DE7800 0003F3 (v02 PmRef  Cpu0Cst  00003001 INTL 20130927)
Nov 29 03:04:43 admin1-HP-EliteBook-Folio-9480m kernel: [    0.077794] ACPI: Dynamic OEM Table Load:
Nov 29 03:04:43 admin1-HP-EliteBook-Folio-9480m kernel: [    0.077801] ACPI: SSDT 0xFFFF909EC5C96000 0005DB (v02 PmRef  ApIst    00003000 INTL 20130927)
Nov 29 03:04:43 admin1-HP-EliteBook-Folio-9480m kernel: [    0.078583] ACPI: Dynamic OEM Table Load:
Nov 29 03:04:43 admin1-HP-EliteBook-Folio-9480m kernel: [    0.078588] ACPI: SSDT 0xFFFF909EC5DD2400 000119 (v02 PmRef  ApCst    00003000 INTL 20130927)
Nov 29 03:04:43 admin1-HP-EliteBook-Folio-9480m kernel: [    0.080211] ACPI: EC: EC started
Nov 29 03:04:43 admin1-HP-EliteBook-Folio-9480m kernel: [    0.080212] ACPI: EC: interrupt blocked
Nov 29 03:04:43 admin1-HP-EliteBook-Folio-9480m kernel: [    3.192992] ACPI: \_SB_.PCI0.LPCB.EC0_: Used as first EC
Nov 29 03:04:43 admin1-HP-EliteBook-Folio-9480m kernel: [    3.192994] ACPI: \_SB_.PCI0.LPCB.EC0_: GPE=0x6, EC_CMD/EC_SC=0x66, EC_DATA=0x62
Nov 29 03:04:43 admin1-HP-EliteBook-Folio-9480m kernel: [    3.192996] ACPI: \_SB_.PCI0.LPCB.EC0_: Used as boot DSDT EC to handle transactions
Nov 29 03:04:43 admin1-HP-EliteBook-Folio-9480m kernel: [    3.192997] ACPI: Interpreter enabled
Nov 29 03:04:43 admin1-HP-EliteBook-Folio-9480m kernel: [    3.193033] ACPI: (supports S0 S3 S4 S5)
Nov 29 03:04:43 admin1-HP-EliteBook-Folio-9480m kernel: [    3.193034] ACPI: Using IOAPIC for interrupt routing
Nov 29 03:04:43 admin1-HP-EliteBook-Folio-9480m kernel: [    3.193066] PCI: MMCONFIG for domain 0000 [bus 00-ff] at [mem 0xe0000000-0xefffffff] (base 0xe0000000)
Nov 29 03:04:43 admin1-HP-EliteBook-Folio-9480m kernel: [    3.193793] PCI: MMCONFIG at [mem 0xe0000000-0xefffffff] reserved in ACPI motherboard resources
Nov 29 03:04:43 admin1-HP-EliteBook-Folio-9480m kernel: [    3.193811] PCI: Using host bridge windows from ACPI; if necessary, use "pci=nocrs" and report a bug
Nov 29 03:04:43 admin1-HP-EliteBook-Folio-9480m kernel: [    3.194281] ACPI: Enabled 7 GPEs in block 00 to 7F
Nov 29 03:04:43 admin1-HP-EliteBook-Folio-9480m kernel: [    3.197207] ACPI: Power Resource [APPR] (off)
Nov 29 03:04:43 admin1-HP-EliteBook-Folio-9480m kernel: [    3.200833] ACPI: Power Resource [COMP] (on)
Nov 29 03:04:43 admin1-HP-EliteBook-Folio-9480m kernel: [    3.201300] ACPI: Power Resource [LPP] (on)
Nov 29 03:04:43 admin1-HP-EliteBook-Folio-9480m kernel: [    3.202384] ACPI: Power Resource [PXP2] (on)
Nov 29 03:04:43 admin1-HP-EliteBook-Folio-9480m kernel: [    3.320612] ACPI: Power Resource [WRST] (on)
Nov 29 03:04:43 admin1-HP-EliteBook-Folio-9480m kernel: [    3.325166] ACPI: PCI Root Bridge [PCI0] (domain 0000 [bus 00-fe])
Nov 29 03:04:43 admin1-HP-EliteBook-Folio-9480m kernel: [    3.325174] acpi PNP0A08:00: _OSC: OS supports [ExtendedConfig ASPM ClockPM Segments MSI]
Nov 29 03:04:43 admin1-HP-EliteBook-Folio-9480m kernel: [    3.328504] acpi PNP0A08:00: _OSC: OS now controls [PCIeHotplug PME AER PCIeCapability]
Nov 29 03:04:43 admin1-HP-EliteBook-Folio-9480m kernel: [    3.328505] acpi PNP0A08:00: FADT indicates ASPM is unsupported, using BIOS configuration
Nov 29 03:04:43 admin1-HP-EliteBook-Folio-9480m kernel: [    3.329421] PCI host bridge to bus 0000:00
Nov 29 03:04:43 admin1-HP-EliteBook-Folio-9480m kernel: [    3.329424] pci_bus 0000:00: root bus resource [io  0x0000-0x0cf7 window]
Nov 29 03:04:43 admin1-HP-EliteBook-Folio-9480m kernel: [    3.329426] pci_bus 0000:00: root bus resource [io  0x0d00-0xffff window]
Nov 29 03:04:43 admin1-HP-EliteBook-Folio-9480m kernel: [    3.329427] pci_bus 0000:00: root bus resource [mem 0x000a0000-0x000bffff window]
Nov 29 03:04:43 admin1-HP-EliteBook-Folio-9480m kernel: [    3.329429] pci_bus 0000:00: root bus resource [mem 0xae200000-0xdfffffff window]
Nov 29 03:04:43 admin1-HP-EliteBook-Folio-9480m kernel: [    3.329431] pci_bus 0000:00: root bus resource [mem 0xf0000000-0xfed3ffff window]
Nov 29 03:04:43 admin1-HP-EliteBook-Folio-9480m kernel: [    3.329432] pci_bus 0000:00: root bus resource [mem 0xfed45000-0xfedfffff window]
Nov 29 03:04:43 admin1-HP-EliteBook-Folio-9480m kernel: [    3.329434] pci_bus 0000:00: root bus resource [mem 0xfee01000-0xffffffff window]
Nov 29 03:04:43 admin1-HP-EliteBook-Folio-9480m kernel: [    3.329436] pci_bus 0000:00: root bus resource [bus 00-fe]
Nov 29 03:04:43 admin1-HP-EliteBook-Folio-9480m kernel: [    3.329446] pci 0000:00:00.0: [8086:0a04] type 00 class 0x060000
Nov 29 03:04:43 admin1-HP-EliteBook-Folio-9480m kernel: [    3.329625] pci 0000:00:02.0: [8086:0a16] type 00 class 0x030000
Nov 29 03:04:43 admin1-HP-EliteBook-Folio-9480m kernel: [    3.329639] pci 0000:00:02.0: reg 0x10: [mem 0xc0000000-0xc03fffff 64bit]
Nov 29 03:04:43 admin1-HP-EliteBook-Folio-9480m kernel: [    3.329646] pci 0000:00:02.0: reg 0x18: [mem 0xb0000000-0xbfffffff 64bit pref]
Nov 29 03:04:43 admin1-HP-EliteBook-Folio-9480m kernel: [    3.329651] pci 0000:00:02.0: reg 0x20: [io  0x5000-0x503f]
Nov 29 03:04:43 admin1-HP-EliteBook-Folio-9480m kernel: [    3.329673] pci 0000:00:02.0: BAR 2: assigned to efifb
Nov 29 03:04:43 admin1-HP-EliteBook-Folio-9480m kernel: [    3.329853] pci 0000:00:03.0: [8086:0a0c] type 00 class 0x040300
Nov 29 03:04:43 admin1-HP-EliteBook-Folio-9480m kernel: [    3.329864] pci 0000:00:03.0: reg 0x10: [mem 0xc0730000-0xc0733fff 64bit]
Nov 29 03:04:43 admin1-HP-EliteBook-Folio-9480m kernel: [    3.330061] pci 0000:00:14.0: [8086:9c31] type 00 class 0x0c0330
Nov 29 03:04:43 admin1-HP-EliteBook-Folio-9480m kernel: [    3.330079] pci 0000:00:14.0: reg 0x10: [mem 0xc0720000-0xc072ffff 64bit]
Nov 29 03:04:43 admin1-HP-EliteBook-Folio-9480m kernel: [    3.330138] pci 0000:00:14.0: PME# supported from D3hot D3cold
Nov 29 03:04:43 admin1-HP-EliteBook-Folio-9480m kernel: [    3.330287] pci 0000:00:16.0: [8086:9c3a] type 00 class 0x078000
Nov 29 03:04:43 admin1-HP-EliteBook-Folio-9480m kernel: [    3.330311] pci 0000:00:16.0: reg 0x10: [mem 0xc073b000-0xc073b01f 64bit]
Nov 29 03:04:43 admin1-HP-EliteBook-Folio-9480m kernel: [    3.330388] pci 0000:00:16.0: PME# supported from D0 D3hot D3cold
Nov 29 03:04:43 admin1-HP-EliteBook-Folio-9480m kernel: [    3.330532] pci 0000:00:16.3: [8086:9c3d] type 00 class 0x070002
Nov 29 03:04:43 admin1-HP-EliteBook-Folio-9480m kernel: [    3.330549] pci 0000:00:16.3: reg 0x10: [io  0x50b0-0x50b7]
Nov 29 03:04:43 admin1-HP-EliteBook-Folio-9480m kernel: [    3.330556] pci 0000:00:16.3: reg 0x14: [mem 0xc073e000-0xc073efff]
Nov 29 03:04:43 admin1-HP-EliteBook-Folio-9480m kernel: [    3.330760] pci 0000:00:19.0: [8086:155a] type 00 class 0x020000
Nov 29 03:04:43 admin1-HP-EliteBook-Folio-9480m kernel: [    3.330778] pci 0000:00:19.0: reg 0x10: [mem 0xc0700000-0xc071ffff]
Nov 29 03:04:43 admin1-HP-EliteBook-Folio-9480m kernel: [    3.330786] pci 0000:00:19.0: reg 0x14: [mem 0xc073d000-0xc073dfff]
Nov 29 03:04:43 admin1-HP-EliteBook-Folio-9480m kernel: [    3.330793] pci 0000:00:19.0: reg 0x18: [io  0x5080-0x509f]
Nov 29 03:04:43 admin1-HP-EliteBook-Folio-9480m kernel: [    3.330857] pci 0000:00:19.0: PME# supported from D0 D3hot D3cold
Nov 29 03:04:43 admin1-HP-EliteBook-Folio-9480m kernel: [    3.331005] pci 0000:00:1b.0: [8086:9c20] type 00 class 0x040300
Nov 29 03:04:43 admin1-HP-EliteBook-Folio-9480m kernel: [    3.331023] pci 0000:00:1b.0: reg 0x10: [mem 0xc0734000-0xc0737fff 64bit]
Nov 29 03:04:43 admin1-HP-EliteBook-Folio-9480m kernel: [    3.331081] pci 0000:00:1b.0: PME# supported from D0 D3hot D3cold
Nov 29 03:04:43 admin1-HP-EliteBook-Folio-9480m kernel: [    3.331225] pci 0000:00:1c.0: [8086:9c10] type 01 class 0x060400
Nov 29 03:04:43 admin1-HP-EliteBook-Folio-9480m kernel: [    3.331306] pci 0000:00:1c.0: PME# supported from D0 D3hot D3cold
Nov 29 03:04:43 admin1-HP-EliteBook-Folio-9480m kernel: [    3.331518] pci 0000:00:1c.1: [8086:9c12] type 01 class 0x060400
Nov 29 03:04:43 admin1-HP-EliteBook-Folio-9480m kernel: [    3.331601] pci 0000:00:1c.1: PME# supported from D0 D3hot D3cold
Nov 29 03:04:43 admin1-HP-EliteBook-Folio-9480m kernel: [    3.331809] pci 0000:00:1c.3: [8086:9c16] type 01 class 0x060400
Nov 29 03:04:43 admin1-HP-EliteBook-Folio-9480m kernel: [    3.331891] pci 0000:00:1c.3: PME# supported from D0 D3hot D3cold
Nov 29 03:04:43 admin1-HP-EliteBook-Folio-9480m kernel: [    3.332108] pci 0000:00:1d.0: [8086:9c26] type 00 class 0x0c0320
Nov 29 03:04:43 admin1-HP-EliteBook-Folio-9480m kernel: [    3.332131] pci 0000:00:1d.0: reg 0x10: [mem 0xc0739000-0xc07393ff]
Nov 29 03:04:43 admin1-HP-EliteBook-Folio-9480m kernel: [    3.332226] pci 0000:00:1d.0: PME# supported from D0 D3hot D3cold
Nov 29 03:04:43 admin1-HP-EliteBook-Folio-9480m kernel: [    3.332380] pci 0000:00:1f.0: [8086:9c43] type 00 class 0x060100
Nov 29 03:04:43 admin1-HP-EliteBook-Folio-9480m kernel: [    3.332645] pci 0000:00:1f.2: [8086:9c03] type 00 class 0x010601
Nov 29 03:04:43 admin1-HP-EliteBook-Folio-9480m kernel: [    3.332662] pci 0000:00:1f.2: reg 0x10: [io  0x50a8-0x50af]
Nov 29 03:04:43 admin1-HP-EliteBook-Folio-9480m kernel: [    3.332669] pci 0000:00:1f.2: reg 0x14: [io  0x50bc-0x50bf]
Nov 29 03:04:43 admin1-HP-EliteBook-Folio-9480m kernel: [    3.332675] pci 0000:00:1f.2: reg 0x18: [io  0x50a0-0x50a7]
Nov 29 03:04:43 admin1-HP-EliteBook-Folio-9480m kernel: [    3.332682] pci 0000:00:1f.2: reg 0x1c: [io  0x50b8-0x50bb]
Nov 29 03:04:43 admin1-HP-EliteBook-Folio-9480m kernel: [    3.332689] pci 0000:00:1f.2: reg 0x20: [io  0x5060-0x507f]
Nov 29 03:04:43 admin1-HP-EliteBook-Folio-9480m kernel: [    3.332697] pci 0000:00:1f.2: reg 0x24: [mem 0xc0738000-0xc07387ff]
Nov 29 03:04:43 admin1-HP-EliteBook-Folio-9480m kernel: [    3.332739] pci 0000:00:1f.2: PME# supported from D3hot
Nov 29 03:04:43 admin1-HP-EliteBook-Folio-9480m kernel: [    3.332882] pci 0000:00:1f.3: [8086:9c22] type 00 class 0x0c0500
Nov 29 03:04:43 admin1-HP-EliteBook-Folio-9480m kernel: [    3.332897] pci 0000:00:1f.3: reg 0x10: [mem 0xc073a000-0xc073a0ff 64bit]
Nov 29 03:04:43 admin1-HP-EliteBook-Folio-9480m kernel: [    3.332911] pci 0000:00:1f.3: reg 0x20: [io  0xef80-0xef9f]
Nov 29 03:04:43 admin1-HP-EliteBook-Folio-9480m kernel: [    3.333114] pci 0000:00:1c.0: PCI bridge to [bus 01-06]
Nov 29 03:04:43 admin1-HP-EliteBook-Folio-9480m kernel: [    3.333119] pci 0000:00:1c.0:   bridge window [mem 0xc0600000-0xc06fffff]
Nov 29 03:04:43 admin1-HP-EliteBook-Folio-9480m kernel: [    3.333176] pci 0000:07:00.0: [10ec:5227] type 00 class 0xff0000
Nov 29 03:04:43 admin1-HP-EliteBook-Folio-9480m kernel: [    3.333206] pci 0000:07:00.0: reg 0x10: [mem 0xc0500000-0xc0500fff]
Nov 29 03:04:43 admin1-HP-EliteBook-Folio-9480m kernel: [    3.333356] pci 0000:07:00.0: supports D1 D2
Nov 29 03:04:43 admin1-HP-EliteBook-Folio-9480m kernel: [    3.333358] pci 0000:07:00.0: PME# supported from D1 D2 D3hot D3cold
Nov 29 03:04:43 admin1-HP-EliteBook-Folio-9480m kernel: [    3.344028] pci 0000:00:1c.1: PCI bridge to [bus 07]
Nov 29 03:04:43 admin1-HP-EliteBook-Folio-9480m kernel: [    3.344032] pci 0000:00:1c.1:   bridge window [io  0x3000-0x4fff]
Nov 29 03:04:43 admin1-HP-EliteBook-Folio-9480m kernel: [    3.344035] pci 0000:00:1c.1:   bridge window [mem 0xc0500000-0xc05fffff]
Nov 29 03:04:43 admin1-HP-EliteBook-Folio-9480m kernel: [    3.344303] pci 0000:08:00.0: [8086:08b1] type 00 class 0x028000
Nov 29 03:04:43 admin1-HP-EliteBook-Folio-9480m kernel: [    3.344408] pci 0000:08:00.0: reg 0x10: [mem 0xc0400000-0xc0401fff 64bit]
Nov 29 03:04:43 admin1-HP-EliteBook-Folio-9480m kernel: [    3.344834] pci 0000:08:00.0: PME# supported from D0 D3hot D3cold
Nov 29 03:04:43 admin1-HP-EliteBook-Folio-9480m kernel: [    3.356165] pci 0000:00:1c.3: PCI bridge to [bus 08]
Nov 29 03:04:43 admin1-HP-EliteBook-Folio-9480m kernel: [    3.356170] pci 0000:00:1c.3:   bridge window [mem 0xc0400000-0xc04fffff]
Nov 29 03:04:43 admin1-HP-EliteBook-Folio-9480m kernel: [    3.357667] ACPI: PCI Interrupt Link [LNKA] (IRQs 3 4 5 6 *10 11 12 14 15)
Nov 29 03:04:43 admin1-HP-EliteBook-Folio-9480m kernel: [    3.357746] ACPI: PCI Interrupt Link [LNKB] (IRQs 3 4 5 6 10 11 12 14 15) *0, disabled.
Nov 29 03:04:43 admin1-HP-EliteBook-Folio-9480m kernel: [    3.357824] ACPI: PCI Interrupt Link [LNKC] (IRQs 3 4 5 6 10 11 12 14 15) *0, disabled.
Nov 29 03:04:43 admin1-HP-EliteBook-Folio-9480m kernel: [    3.357900] ACPI: PCI Interrupt Link [LNKD] (IRQs 3 4 5 6 10 11 12 14 15) *0, disabled.
Nov 29 03:04:43 admin1-HP-EliteBook-Folio-9480m kernel: [    3.357976] ACPI: PCI Interrupt Link [LNKE] (IRQs 3 4 5 6 10 11 12 14 15) *0, disabled.
Nov 29 03:04:43 admin1-HP-EliteBook-Folio-9480m kernel: [    3.358053] ACPI: PCI Interrupt Link [LNKF] (IRQs 3 4 5 6 10 11 12 14 15) *0, disabled.
Nov 29 03:04:43 admin1-HP-EliteBook-Folio-9480m kernel: [    3.358129] ACPI: PCI Interrupt Link [LNKG] (IRQs 3 4 5 6 10 11 12 14 15) *0, disabled.
Nov 29 03:04:43 admin1-HP-EliteBook-Folio-9480m kernel: [    3.358205] ACPI: PCI Interrupt Link [LNKH] (IRQs 3 4 5 6 10 11 12 14 15) *0, disabled.
Nov 29 03:04:43 admin1-HP-EliteBook-Folio-9480m kernel: [    3.358882] ACPI: EC: interrupt unblocked
Nov 29 03:04:43 admin1-HP-EliteBook-Folio-9480m kernel: [    3.358890] ACPI: EC: event unblocked
Nov 29 03:04:43 admin1-HP-EliteBook-Folio-9480m kernel: [    3.358897] ACPI: \_SB_.PCI0.LPCB.EC0_: GPE=0x6, EC_CMD/EC_SC=0x66, EC_DATA=0x62
Nov 29 03:04:43 admin1-HP-EliteBook-Folio-9480m kernel: [    3.358899] ACPI: \_SB_.PCI0.LPCB.EC0_: Used as boot DSDT EC to handle transactions and events
Nov 29 03:04:43 admin1-HP-EliteBook-Folio-9480m kernel: [    3.359136] SCSI subsystem initialized
Nov 29 03:04:43 admin1-HP-EliteBook-Folio-9480m kernel: [    3.359151] libata version 3.00 loaded.
Nov 29 03:04:43 admin1-HP-EliteBook-Folio-9480m kernel: [    3.359151] pci 0000:00:02.0: vgaarb: setting as boot VGA device
Nov 29 03:04:43 admin1-HP-EliteBook-Folio-9480m kernel: [    3.359151] pci 0000:00:02.0: vgaarb: VGA device added: decodes=io+mem,owns=io+mem,locks=none
Nov 29 03:04:43 admin1-HP-EliteBook-Folio-9480m kernel: [    3.359151] pci 0000:00:02.0: vgaarb: bridge control possible
Nov 29 03:04:43 admin1-HP-EliteBook-Folio-9480m kernel: [    3.359151] vgaarb: loaded
Nov 29 03:04:43 admin1-HP-EliteBook-Folio-9480m kernel: [    3.359151] ACPI: bus type USB registered
Nov 29 03:04:43 admin1-HP-EliteBook-Folio-9480m kernel: [    3.359151] usbcore: registered new interface driver usbfs
Nov 29 03:04:43 admin1-HP-EliteBook-Folio-9480m kernel: [    3.359151] usbcore: registered new interface driver hub
Nov 29 03:04:43 admin1-HP-EliteBook-Folio-9480m kernel: [    3.359151] usbcore: registered new device driver usb
Nov 29 03:04:43 admin1-HP-EliteBook-Folio-9480m kernel: [    3.359151] EDAC MC: Ver: 3.0.0
Nov 29 03:04:43 admin1-HP-EliteBook-Folio-9480m kernel: [    3.359151] Registered efivars operations
Nov 29 03:04:43 admin1-HP-EliteBook-Folio-9480m kernel: [    3.542623] PCI: Using ACPI for IRQ routing
Nov 29 03:04:43 admin1-HP-EliteBook-Folio-9480m kernel: [    3.548315] PCI: pci_cache_line_size set to 64 bytes
Nov 29 03:04:43 admin1-HP-EliteBook-Folio-9480m kernel: [    3.548631] e820: reserve RAM buffer [mem 0x00058000-0x0005ffff]
Nov 29 03:04:43 admin1-HP-EliteBook-Folio-9480m kernel: [    3.548632] e820: reserve RAM buffer [mem 0x00098000-0x0009ffff]
Nov 29 03:04:43 admin1-HP-EliteBook-Folio-9480m kernel: [    3.548633] e820: reserve RAM buffer [mem 0xa8b7f000-0xabffffff]
Nov 29 03:04:43 admin1-HP-EliteBook-Folio-9480m kernel: [    3.548634] e820: reserve RAM buffer [mem 0xaa000000-0xabffffff]
Nov 29 03:04:43 admin1-HP-EliteBook-Folio-9480m kernel: [    3.548636] e820: reserve RAM buffer [mem 0x24fe00000-0x24fffffff]
Nov 29 03:04:43 admin1-HP-EliteBook-Folio-9480m kernel: [    3.548742] NetLabel: Initializing
Nov 29 03:04:43 admin1-HP-EliteBook-Folio-9480m kernel: [    3.548743] NetLabel:  domain hash size = 128
Nov 29 03:04:43 admin1-HP-EliteBook-Folio-9480m kernel: [    3.548744] NetLabel:  protocols = UNLABELED CIPSOv4 CALIPSO
Nov 29 03:04:43 admin1-HP-EliteBook-Folio-9480m kernel: [    3.548760] NetLabel:  unlabeled traffic allowed by default
Nov 29 03:04:43 admin1-HP-EliteBook-Folio-9480m kernel: [    3.548777] hpet0: at MMIO 0xfed00000, IRQs 2, 8, 0, 0, 0, 0, 0, 0
Nov 29 03:04:43 admin1-HP-EliteBook-Folio-9480m kernel: [    3.548777] hpet0: 8 comparators, 64-bit 14.318180 MHz counter
Nov 29 03:04:43 admin1-HP-EliteBook-Folio-9480m kernel: [    3.550083] clocksource: Switched to clocksource hpet
Nov 29 03:04:43 admin1-HP-EliteBook-Folio-9480m kernel: [    3.560782] VFS: Disk quotas dquot_6.6.0
Nov 29 03:04:43 admin1-HP-EliteBook-Folio-9480m kernel: [    3.560805] VFS: Dquot-cache hash table entries: 512 (order 0, 4096 bytes)
Nov 29 03:04:43 admin1-HP-EliteBook-Folio-9480m kernel: [    3.560922] AppArmor: AppArmor Filesystem Enabled
Nov 29 03:04:43 admin1-HP-EliteBook-Folio-9480m kernel: [    3.560954] pnp: PnP ACPI init
Nov 29 03:04:43 admin1-HP-EliteBook-Folio-9480m kernel: [    3.561304] system 00:00: [mem 0xfed1c000-0xfed1ffff] has been reserved
Nov 29 03:04:43 admin1-HP-EliteBook-Folio-9480m kernel: [    3.561306] system 00:00: [mem 0xfed10000-0xfed17fff] has been reserved
Nov 29 03:04:43 admin1-HP-EliteBook-Folio-9480m kernel: [    3.561308] system 00:00: [mem 0xfed18000-0xfed18fff] has been reserved
Nov 29 03:04:43 admin1-HP-EliteBook-Folio-9480m kernel: [    3.561310] system 00:00: [mem 0xfed19000-0xfed19fff] has been reserved
Nov 29 03:04:43 admin1-HP-EliteBook-Folio-9480m kernel: [    3.561312] system 00:00: [mem 0x00000000-0x00000fff] could not be reserved
Nov 29 03:04:43 admin1-HP-EliteBook-Folio-9480m kernel: [    3.561314] system 00:00: [mem 0xe0000000-0xefffffff] could not be reserved
Nov 29 03:04:43 admin1-HP-EliteBook-Folio-9480m kernel: [    3.561316] system 00:00: [mem 0xfed20000-0xfed3ffff] has been reserved
Nov 29 03:04:43 admin1-HP-EliteBook-Folio-9480m kernel: [    3.561318] system 00:00: [mem 0xfed90000-0xfed93fff] has been reserved
Nov 29 03:04:43 admin1-HP-EliteBook-Folio-9480m kernel: [    3.561320] system 00:00: [mem 0xfed45000-0xfed8ffff] has been reserved
Nov 29 03:04:43 admin1-HP-EliteBook-Folio-9480m kernel: [    3.561322] system 00:00: [mem 0xfec00000-0xfec00fff] could not be reserved
Nov 29 03:04:43 admin1-HP-EliteBook-Folio-9480m kernel: [    3.561324] system 00:00: [mem 0xae210000-0xae21ffff] has been reserved
Nov 29 03:04:43 admin1-HP-EliteBook-Folio-9480m kernel: [    3.561326] system 00:00: [mem 0xae200000-0xae20ffff] has been reserved
Nov 29 03:04:43 admin1-HP-EliteBook-Folio-9480m kernel: [    3.561332] system 00:00: Plug and Play ACPI device, IDs PNP0c02 (active)
Nov 29 03:04:43 admin1-HP-EliteBook-Folio-9480m kernel: [    3.561576] system 00:01: [io  0x0200-0x020f] has been reserved
Nov 29 03:04:43 admin1-HP-EliteBook-Folio-9480m kernel: [    3.561578] system 00:01: [io  0x0220-0x027f] has been reserved
Nov 29 03:04:43 admin1-HP-EliteBook-Folio-9480m kernel: [    3.561580] system 00:01: [io  0xffff] has been reserved
Nov 29 03:04:43 admin1-HP-EliteBook-Folio-9480m kernel: [    3.561582] system 00:01: [io  0xffff] has been reserved
Nov 29 03:04:43 admin1-HP-EliteBook-Folio-9480m kernel: [    3.561584] system 00:01: [io  0xffff] has been reserved
Nov 29 03:04:43 admin1-HP-EliteBook-Folio-9480m kernel: [    3.561586] system 00:01: [io  0x1800-0x18fe] has been reserved
Nov 29 03:04:43 admin1-HP-EliteBook-Folio-9480m kernel: [    3.561588] system 00:01: [io  0xef80-0xef9f] has been reserved
Nov 29 03:04:43 admin1-HP-EliteBook-Folio-9480m kernel: [    3.561593] system 00:01: Plug and Play ACPI device, IDs PNP0c02 (active)
Nov 29 03:04:43 admin1-HP-EliteBook-Folio-9480m kernel: [    3.561658] pnp 00:02: Plug and Play ACPI device, IDs PNP0b00 (active)
Nov 29 03:04:43 admin1-HP-EliteBook-Folio-9480m kernel: [    3.561912] pnp 00:03: Plug and Play ACPI device, IDs HPQ8002 PNP0303 (active)
Nov 29 03:04:43 admin1-HP-EliteBook-Folio-9480m kernel: [    3.561937] pnp 00:04: Plug and Play ACPI device, IDs SYN3027 SYN0100 SYN0002 PNP0f13 (active)
Nov 29 03:04:43 admin1-HP-EliteBook-Folio-9480m kernel: [    3.562823] pnp 00:05: Plug and Play ACPI device, IDs IFX0102 PNP0c31 (active)
Nov 29 03:04:43 admin1-HP-EliteBook-Folio-9480m kernel: [    3.562897] pnp: PnP ACPI: found 6 devices
Nov 29 03:04:43 admin1-HP-EliteBook-Folio-9480m kernel: [    3.569102] clocksource: acpi_pm: mask: 0xffffff max_cycles: 0xffffff, max_idle_ns: 2085701024 ns
Nov 29 03:04:43 admin1-HP-EliteBook-Folio-9480m kernel: [    3.569123] pci 0000:00:1c.1: bridge window [mem 0x00100000-0x000fffff 64bit pref] to [bus 07] add_size 200000 add_align 100000
Nov 29 03:04:43 admin1-HP-EliteBook-Folio-9480m kernel: [    3.569140] pci 0000:00:1c.1: BAR 15: assigned [mem 0xae300000-0xae4fffff 64bit pref]
Nov 29 03:04:43 admin1-HP-EliteBook-Folio-9480m kernel: [    3.569143] pci 0000:00:1c.0: PCI bridge to [bus 01-06]
Nov 29 03:04:43 admin1-HP-EliteBook-Folio-9480m kernel: [    3.569148] pci 0000:00:1c.0:   bridge window [mem 0xc0600000-0xc06fffff]
Nov 29 03:04:43 admin1-HP-EliteBook-Folio-9480m kernel: [    3.569155] pci 0000:00:1c.1: PCI bridge to [bus 07]
Nov 29 03:04:43 admin1-HP-EliteBook-Folio-9480m kernel: [    3.569158] pci 0000:00:1c.1:   bridge window [io  0x3000-0x4fff]
Nov 29 03:04:43 admin1-HP-EliteBook-Folio-9480m kernel: [    3.569162] pci 0000:00:1c.1:   bridge window [mem 0xc0500000-0xc05fffff]
Nov 29 03:04:43 admin1-HP-EliteBook-Folio-9480m kernel: [    3.569165] pci 0000:00:1c.1:   bridge window [mem 0xae300000-0xae4fffff 64bit pref]
Nov 29 03:04:43 admin1-HP-EliteBook-Folio-9480m kernel: [    3.569170] pci 0000:00:1c.3: PCI bridge to [bus 08]
Nov 29 03:04:43 admin1-HP-EliteBook-Folio-9480m kernel: [    3.569175] pci 0000:00:1c.3:   bridge window [mem 0xc0400000-0xc04fffff]
Nov 29 03:04:43 admin1-HP-EliteBook-Folio-9480m kernel: [    3.569183] pci_bus 0000:00: resource 4 [io  0x0000-0x0cf7 window]
Nov 29 03:04:43 admin1-HP-EliteBook-Folio-9480m kernel: [    3.569185] pci_bus 0000:00: resource 5 [io  0x0d00-0xffff window]
Nov 29 03:04:43 admin1-HP-EliteBook-Folio-9480m kernel: [    3.569186] pci_bus 0000:00: resource 6 [mem 0x000a0000-0x000bffff window]
Nov 29 03:04:43 admin1-HP-EliteBook-Folio-9480m kernel: [    3.569188] pci_bus 0000:00: resource 7 [mem 0xae200000-0xdfffffff window]
Nov 29 03:04:43 admin1-HP-EliteBook-Folio-9480m kernel: [    3.569190] pci_bus 0000:00: resource 8 [mem 0xf0000000-0xfed3ffff window]
Nov 29 03:04:43 admin1-HP-EliteBook-Folio-9480m kernel: [    3.569191] pci_bus 0000:00: resource 9 [mem 0xfed45000-0xfedfffff window]
Nov 29 03:04:43 admin1-HP-EliteBook-Folio-9480m kernel: [    3.569193] pci_bus 0000:00: resource 10 [mem 0xfee01000-0xffffffff window]
Nov 29 03:04:43 admin1-HP-EliteBook-Folio-9480m kernel: [    3.569195] pci_bus 0000:01: resource 1 [mem 0xc0600000-0xc06fffff]
Nov 29 03:04:43 admin1-HP-EliteBook-Folio-9480m kernel: [    3.569197] pci_bus 0000:07: resource 0 [io  0x3000-0x4fff]
Nov 29 03:04:43 admin1-HP-EliteBook-Folio-9480m kernel: [    3.569199] pci_bus 0000:07: resource 1 [mem 0xc0500000-0xc05fffff]
Nov 29 03:04:43 admin1-HP-EliteBook-Folio-9480m kernel: [    3.569200] pci_bus 0000:07: resource 2 [mem 0xae300000-0xae4fffff 64bit pref]
Nov 29 03:04:43 admin1-HP-EliteBook-Folio-9480m kernel: [    3.569202] pci_bus 0000:08: resource 1 [mem 0xc0400000-0xc04fffff]
Nov 29 03:04:43 admin1-HP-EliteBook-Folio-9480m kernel: [    3.569340] NET: Registered protocol family 2
Nov 29 03:04:43 admin1-HP-EliteBook-Folio-9480m kernel: [    3.569567] TCP established hash table entries: 65536 (order: 7, 524288 bytes)
Nov 29 03:04:43 admin1-HP-EliteBook-Folio-9480m kernel: [    3.569694] TCP bind hash table entries: 65536 (order: 8, 1048576 bytes)
Nov 29 03:04:43 admin1-HP-EliteBook-Folio-9480m kernel: [    3.569871] TCP: Hash tables configured (established 65536 bind 65536)
Nov 29 03:04:43 admin1-HP-EliteBook-Folio-9480m kernel: [    3.569914] UDP hash table entries: 4096 (order: 5, 131072 bytes)
Nov 29 03:04:43 admin1-HP-EliteBook-Folio-9480m kernel: [    3.569944] UDP-Lite hash table entries: 4096 (order: 5, 131072 bytes)
Nov 29 03:04:43 admin1-HP-EliteBook-Folio-9480m kernel: [    3.570010] NET: Registered protocol family 1
Nov 29 03:04:43 admin1-HP-EliteBook-Folio-9480m kernel: [    3.570025] pci 0000:00:02.0: Video device with shadowed ROM at [mem 0x000c0000-0x000dffff]
Nov 29 03:04:43 admin1-HP-EliteBook-Folio-9480m kernel: [    3.570033] pci 0000:00:14.0: enabling device (0000 -> 0002)
Nov 29 03:04:43 admin1-HP-EliteBook-Folio-9480m kernel: [    3.570917] PCI: CLS 64 bytes, default 64
Nov 29 03:04:43 admin1-HP-EliteBook-Folio-9480m kernel: [    3.570955] Unpacking initramfs...
Nov 29 03:04:43 admin1-HP-EliteBook-Folio-9480m kernel: [    4.525220] Freeing initrd memory: 52608K
Nov 29 03:04:43 admin1-HP-EliteBook-Folio-9480m kernel: [    4.525231] PCI-DMA: Using software bounce buffering for IO (SWIOTLB)
Nov 29 03:04:43 admin1-HP-EliteBook-Folio-9480m kernel: [    4.525234] software IO TLB [mem 0x98b80000-0x9cb80000] (64MB) mapped at [        (ptrval)-        (ptrval)]
Nov 29 03:04:43 admin1-HP-EliteBook-Folio-9480m kernel: [    4.525510] Scanning for low memory corruption every 60 seconds
Nov 29 03:04:43 admin1-HP-EliteBook-Folio-9480m kernel: [    4.526255] Initialise system trusted keyrings
Nov 29 03:04:43 admin1-HP-EliteBook-Folio-9480m kernel: [    4.526263] Key type blacklist registered
Nov 29 03:04:43 admin1-HP-EliteBook-Folio-9480m kernel: [    4.526298] workingset: timestamp_bits=36 max_order=21 bucket_order=0
Nov 29 03:04:43 admin1-HP-EliteBook-Folio-9480m kernel: [    4.527573] zbud: loaded
Nov 29 03:04:43 admin1-HP-EliteBook-Folio-9480m kernel: [    4.528152] squashfs: version 4.0 (2009/01/31) Phillip Lougher
Nov 29 03:04:43 admin1-HP-EliteBook-Folio-9480m kernel: [    4.528301] fuse init (API version 7.26)
Nov 29 03:04:43 admin1-HP-EliteBook-Folio-9480m kernel: [    4.529556] Key type asymmetric registered
Nov 29 03:04:43 admin1-HP-EliteBook-Folio-9480m kernel: [    4.529558] Asymmetric key parser 'x509' registered
Nov 29 03:04:43 admin1-HP-EliteBook-Folio-9480m kernel: [    4.529592] Block layer SCSI generic (bsg) driver version 0.4 loaded (major 246)
Nov 29 03:04:43 admin1-HP-EliteBook-Folio-9480m kernel: [    4.529628] io scheduler noop registered
Nov 29 03:04:43 admin1-HP-EliteBook-Folio-9480m kernel: [    4.529629] io scheduler deadline registered
Nov 29 03:04:43 admin1-HP-EliteBook-Folio-9480m kernel: [    4.529674] io scheduler cfq registered (default)
Nov 29 03:04:43 admin1-HP-EliteBook-Folio-9480m kernel: [    4.530638] pcieport 0000:00:1c.0: Signaling PME with IRQ 40
Nov 29 03:04:43 admin1-HP-EliteBook-Folio-9480m kernel: [    4.530664] pcieport 0000:00:1c.1: Signaling PME with IRQ 41
Nov 29 03:04:43 admin1-HP-EliteBook-Folio-9480m kernel: [    4.530683] pcieport 0000:00:1c.3: Signaling PME with IRQ 42
Nov 29 03:04:43 admin1-HP-EliteBook-Folio-9480m kernel: [    4.530702] pciehp 0000:00:1c.1:pcie004: Slot #1 AttnBtn- PwrCtrl- MRL- AttnInd- PwrInd- HotPlug+ Surprise+ Interlock- NoCompl+ LLActRep+
Nov 29 03:04:43 admin1-HP-EliteBook-Folio-9480m kernel: [    4.530788] efifb: probing for efifb
Nov 29 03:04:43 admin1-HP-EliteBook-Folio-9480m kernel: [    4.530800] efifb: framebuffer at 0xb0000000, using 3072k, total 3072k
Nov 29 03:04:43 admin1-HP-EliteBook-Folio-9480m kernel: [    4.530801] efifb: mode is 1024x768x32, linelength=4096, pages=1
Nov 29 03:04:43 admin1-HP-EliteBook-Folio-9480m kernel: [    4.530802] efifb: scrolling: redraw
Nov 29 03:04:43 admin1-HP-EliteBook-Folio-9480m kernel: [    4.530804] efifb: Truecolor: size=8:8:8:8, shift=24:16:8:0
Nov 29 03:04:43 admin1-HP-EliteBook-Folio-9480m kernel: [    4.530899] Console: switching to colour frame buffer device 128x48
Nov 29 03:04:43 admin1-HP-EliteBook-Folio-9480m kernel: [    4.530916] fb0: EFI VGA frame buffer device
Nov 29 03:04:43 admin1-HP-EliteBook-Folio-9480m kernel: [    4.530925] intel_idle: MWAIT substates: 0x11142120
Nov 29 03:04:43 admin1-HP-EliteBook-Folio-9480m kernel: [    4.530926] intel_idle: v0.4.1 model 0x45
Nov 29 03:04:43 admin1-HP-EliteBook-Folio-9480m kernel: [    4.531136] intel_idle: lapic_timer_reliable_states 0xffffffff
Nov 29 03:04:43 admin1-HP-EliteBook-Folio-9480m kernel: [    4.968260] ACPI: AC Adapter [AC] (off-line)
Nov 29 03:04:43 admin1-HP-EliteBook-Folio-9480m kernel: [    4.968350] input: Sleep Button as /devices/LNXSYSTM:00/LNXSYBUS:00/PNP0C0E:00/input/input0
Nov 29 03:04:43 admin1-HP-EliteBook-Folio-9480m kernel: [    4.968360] ACPI: Sleep Button [SLPB]
Nov 29 03:04:43 admin1-HP-EliteBook-Folio-9480m kernel: [    4.968399] input: Lid Switch as /devices/LNXSYSTM:00/LNXSYBUS:00/PNP0C0D:00/input/input1
Nov 29 03:04:43 admin1-HP-EliteBook-Folio-9480m kernel: [    4.968405] ACPI: Lid Switch [LID]
Nov 29 03:04:43 admin1-HP-EliteBook-Folio-9480m kernel: [    4.968440] input: Power Button as /devices/LNXSYSTM:00/LNXPWRBN:00/input/input2
Nov 29 03:04:43 admin1-HP-EliteBook-Folio-9480m kernel: [    4.968475] ACPI: Power Button [PWRF]
Nov 29 03:04:43 admin1-HP-EliteBook-Folio-9480m kernel: [    4.988680] (NULL device *): hwmon_device_register() is deprecated. Please convert the driver to use hwmon_device_register_with_info().
Nov 29 03:04:43 admin1-HP-EliteBook-Folio-9480m kernel: [    4.993719] thermal LNXTHERM:00: registered as thermal_zone0
Nov 29 03:04:43 admin1-HP-EliteBook-Folio-9480m kernel: [    4.993721] ACPI: Thermal Zone [CPUZ] (48 C)
Nov 29 03:04:43 admin1-HP-EliteBook-Folio-9480m kernel: [    5.018052] thermal LNXTHERM:01: registered as thermal_zone1
Nov 29 03:04:43 admin1-HP-EliteBook-Folio-9480m kernel: [    5.018054] ACPI: Thermal Zone [GFXZ] (0 C)
Nov 29 03:04:43 admin1-HP-EliteBook-Folio-9480m kernel: [    5.034241] thermal LNXTHERM:02: registered as thermal_zone2
Nov 29 03:04:43 admin1-HP-EliteBook-Folio-9480m kernel: [    5.034244] ACPI: Thermal Zone [EXTZ] (34 C)
Nov 29 03:04:43 admin1-HP-EliteBook-Folio-9480m kernel: [    5.049458] thermal LNXTHERM:03: registered as thermal_zone3
Nov 29 03:04:43 admin1-HP-EliteBook-Folio-9480m kernel: [    5.049460] ACPI: Thermal Zone [LOCZ] (35 C)
Nov 29 03:04:43 admin1-HP-EliteBook-Folio-9480m kernel: [    5.064720] thermal LNXTHERM:04: registered as thermal_zone4
Nov 29 03:04:43 admin1-HP-EliteBook-Folio-9480m kernel: [    5.064722] ACPI: Thermal Zone [BATZ] (28 C)
Nov 29 03:04:43 admin1-HP-EliteBook-Folio-9480m kernel: [    5.065375] thermal LNXTHERM:05: registered as thermal_zone5
Nov 29 03:04:43 admin1-HP-EliteBook-Folio-9480m kernel: [    5.065376] ACPI: Thermal Zone [PCHZ] (127 C)
Nov 29 03:04:43 admin1-HP-EliteBook-Folio-9480m kernel: [    5.065592] Serial: 8250/16550 driver, 32 ports, IRQ sharing enabled
Nov 29 03:04:43 admin1-HP-EliteBook-Folio-9480m kernel: [    5.067575] serial 0000:00:16.3: enabling device (0000 -> 0003)
Nov 29 03:04:43 admin1-HP-EliteBook-Folio-9480m kernel: [    5.086285] ACPI: Battery Slot [BAT0] (battery present)
Nov 29 03:04:43 admin1-HP-EliteBook-Folio-9480m kernel: [    5.086428] ACPI: Battery Slot [BAT1] (battery absent)
Nov 29 03:04:43 admin1-HP-EliteBook-Folio-9480m kernel: [    5.088081] 0000:00:16.3: ttyS4 at I/O 0x50b0 (irq = 19, base_baud = 115200) is a 16550A
Nov 29 03:04:43 admin1-HP-EliteBook-Folio-9480m kernel: [    5.088522] Linux agpgart interface v0.103
Nov 29 03:04:43 admin1-HP-EliteBook-Folio-9480m kernel: [    5.115236] tpm_tis 00:05: 1.2 TPM (device-id 0x1A, rev-id 16)
Nov 29 03:04:43 admin1-HP-EliteBook-Folio-9480m kernel: [    5.237762] tpm tpm0: A TPM error (7) occurred attempting to read a pcr value
Nov 29 03:04:43 admin1-HP-EliteBook-Folio-9480m kernel: [    5.237766] tpm tpm0: TPM is disabled/deactivated (0x7)
Nov 29 03:04:43 admin1-HP-EliteBook-Folio-9480m kernel: [    5.241405] loop: module loaded
Nov 29 03:04:43 admin1-HP-EliteBook-Folio-9480m kernel: [    5.241580] libphy: Fixed MDIO Bus: probed
Nov 29 03:04:43 admin1-HP-EliteBook-Folio-9480m kernel: [    5.241581] tun: Universal TUN/TAP device driver, 1.6
Nov 29 03:04:43 admin1-HP-EliteBook-Folio-9480m kernel: [    5.241637] PPP generic driver version 2.4.2
Nov 29 03:04:43 admin1-HP-EliteBook-Folio-9480m kernel: [    5.241678] ehci_hcd: USB 2.0 'Enhanced' Host Controller (EHCI) Driver
Nov 29 03:04:43 admin1-HP-EliteBook-Folio-9480m kernel: [    5.241680] ehci-pci: EHCI PCI platform driver
Nov 29 03:04:43 admin1-HP-EliteBook-Folio-9480m kernel: [    5.241896] ehci-pci 0000:00:1d.0: EHCI Host Controller
Nov 29 03:04:43 admin1-HP-EliteBook-Folio-9480m kernel: [    5.241903] ehci-pci 0000:00:1d.0: new USB bus registered, assigned bus number 1
Nov 29 03:04:43 admin1-HP-EliteBook-Folio-9480m kernel: [    5.241914] ehci-pci 0000:00:1d.0: debug port 2
Nov 29 03:04:43 admin1-HP-EliteBook-Folio-9480m kernel: [    5.245808] ehci-pci 0000:00:1d.0: cache line size of 64 is not supported
Nov 29 03:04:43 admin1-HP-EliteBook-Folio-9480m kernel: [    5.245822] ehci-pci 0000:00:1d.0: irq 17, io mem 0xc0739000
Nov 29 03:04:43 admin1-HP-EliteBook-Folio-9480m kernel: [    5.260017] ehci-pci 0000:00:1d.0: USB 2.0 started, EHCI 1.00
Nov 29 03:04:43 admin1-HP-EliteBook-Folio-9480m kernel: [    5.260057] usb usb1: New USB device found, idVendor=1d6b, idProduct=0002
Nov 29 03:04:43 admin1-HP-EliteBook-Folio-9480m kernel: [    5.260059] usb usb1: New USB device strings: Mfr=3, Product=2, SerialNumber=1
Nov 29 03:04:43 admin1-HP-EliteBook-Folio-9480m kernel: [    5.260061] usb usb1: Product: EHCI Host Controller
Nov 29 03:04:43 admin1-HP-EliteBook-Folio-9480m kernel: [    5.260062] usb usb1: Manufacturer: Linux 4.15.0-29-generic ehci_hcd
Nov 29 03:04:43 admin1-HP-EliteBook-Folio-9480m kernel: [    5.260064] usb usb1: SerialNumber: 0000:00:1d.0
Nov 29 03:04:43 admin1-HP-EliteBook-Folio-9480m kernel: [    5.260198] hub 1-0:1.0: USB hub found
Nov 29 03:04:43 admin1-HP-EliteBook-Folio-9480m kernel: [    5.260203] hub 1-0:1.0: 3 ports detected
Nov 29 03:04:43 admin1-HP-EliteBook-Folio-9480m kernel: [    5.260386] ehci-platform: EHCI generic platform driver
Nov 29 03:04:43 admin1-HP-EliteBook-Folio-9480m kernel: [    5.260396] ohci_hcd: USB 1.1 'Open' Host Controller (OHCI) Driver
Nov 29 03:04:43 admin1-HP-EliteBook-Folio-9480m kernel: [    5.260398] ohci-pci: OHCI PCI platform driver
Nov 29 03:04:43 admin1-HP-EliteBook-Folio-9480m kernel: [    5.260408] ohci-platform: OHCI generic platform driver
Nov 29 03:04:43 admin1-HP-EliteBook-Folio-9480m kernel: [    5.260414] uhci_hcd: USB Universal Host Controller Interface driver
Nov 29 03:04:43 admin1-HP-EliteBook-Folio-9480m kernel: [    5.260623] xhci_hcd 0000:00:14.0: xHCI Host Controller
Nov 29 03:04:43 admin1-HP-EliteBook-Folio-9480m kernel: [    5.260628] xhci_hcd 0000:00:14.0: new USB bus registered, assigned bus number 2
Nov 29 03:04:43 admin1-HP-EliteBook-Folio-9480m kernel: [    5.261692] xhci_hcd 0000:00:14.0: hcc params 0x200077c1 hci version 0x100 quirks 0x0004b810
Nov 29 03:04:43 admin1-HP-EliteBook-Folio-9480m kernel: [    5.261696] xhci_hcd 0000:00:14.0: cache line size of 64 is not supported
Nov 29 03:04:43 admin1-HP-EliteBook-Folio-9480m kernel: [    5.261819] usb usb2: New USB device found, idVendor=1d6b, idProduct=0002
Nov 29 03:04:43 admin1-HP-EliteBook-Folio-9480m kernel: [    5.261821] usb usb2: New USB device strings: Mfr=3, Product=2, SerialNumber=1
Nov 29 03:04:43 admin1-HP-EliteBook-Folio-9480m kernel: [    5.261822] usb usb2: Product: xHCI Host Controller
Nov 29 03:04:43 admin1-HP-EliteBook-Folio-9480m kernel: [    5.261824] usb usb2: Manufacturer: Linux 4.15.0-29-generic xhci-hcd
Nov 29 03:04:43 admin1-HP-EliteBook-Folio-9480m kernel: [    5.261825] usb usb2: SerialNumber: 0000:00:14.0
Nov 29 03:04:43 admin1-HP-EliteBook-Folio-9480m kernel: [    5.261949] hub 2-0:1.0: USB hub found
Nov 29 03:04:43 admin1-HP-EliteBook-Folio-9480m kernel: [    5.261960] hub 2-0:1.0: 9 ports detected
Nov 29 03:04:43 admin1-HP-EliteBook-Folio-9480m kernel: [    5.263479] xhci_hcd 0000:00:14.0: xHCI Host Controller
Nov 29 03:04:43 admin1-HP-EliteBook-Folio-9480m kernel: [    5.263483] xhci_hcd 0000:00:14.0: new USB bus registered, assigned bus number 3
Nov 29 03:04:43 admin1-HP-EliteBook-Folio-9480m kernel: [    5.263515] usb usb3: New USB device found, idVendor=1d6b, idProduct=0003
Nov 29 03:04:43 admin1-HP-EliteBook-Folio-9480m kernel: [    5.263516] usb usb3: New USB device strings: Mfr=3, Product=2, SerialNumber=1
Nov 29 03:04:43 admin1-HP-EliteBook-Folio-9480m kernel: [    5.263518] usb usb3: Product: xHCI Host Controller
Nov 29 03:04:43 admin1-HP-EliteBook-Folio-9480m kernel: [    5.263520] usb usb3: Manufacturer: Linux 4.15.0-29-generic xhci-hcd
Nov 29 03:04:43 admin1-HP-EliteBook-Folio-9480m kernel: [    5.263521] usb usb3: SerialNumber: 0000:00:14.0
Nov 29 03:04:43 admin1-HP-EliteBook-Folio-9480m kernel: [    5.263642] hub 3-0:1.0: USB hub found
Nov 29 03:04:43 admin1-HP-EliteBook-Folio-9480m kernel: [    5.263651] hub 3-0:1.0: 4 ports detected
Nov 29 03:04:43 admin1-HP-EliteBook-Folio-9480m kernel: [    5.264220] usb: port power management may be unreliable
Nov 29 03:04:43 admin1-HP-EliteBook-Folio-9480m kernel: [    5.264491] i8042: PNP: PS/2 Controller [PNP0303:PS2K,PNP0f13:PS2M] at 0x60,0x64 irq 1,12
Nov 29 03:04:43 admin1-HP-EliteBook-Folio-9480m kernel: [    5.265682] i8042: Detected active multiplexing controller, rev 1.1
Nov 29 03:04:43 admin1-HP-EliteBook-Folio-9480m kernel: [    5.266323] serio: i8042 KBD port at 0x60,0x64 irq 1
Nov 29 03:04:43 admin1-HP-EliteBook-Folio-9480m kernel: [    5.266328] serio: i8042 AUX0 port at 0x60,0x64 irq 12
Nov 29 03:04:43 admin1-HP-EliteBook-Folio-9480m kernel: [    5.266354] serio: i8042 AUX1 port at 0x60,0x64 irq 12
Nov 29 03:04:43 admin1-HP-EliteBook-Folio-9480m kernel: [    5.266376] serio: i8042 AUX2 port at 0x60,0x64 irq 12
Nov 29 03:04:43 admin1-HP-EliteBook-Folio-9480m kernel: [    5.266397] serio: i8042 AUX3 port at 0x60,0x64 irq 12
Nov 29 03:04:43 admin1-HP-EliteBook-Folio-9480m kernel: [    5.266551] mousedev: PS/2 mouse device common for all mice
Nov 29 03:04:43 admin1-HP-EliteBook-Folio-9480m kernel: [    5.266794] rtc_cmos 00:02: RTC can wake from S4
Nov 29 03:04:43 admin1-HP-EliteBook-Folio-9480m kernel: [    5.266928] rtc_cmos 00:02: rtc core: registered rtc_cmos as rtc0
Nov 29 03:04:43 admin1-HP-EliteBook-Folio-9480m kernel: [    5.266954] rtc_cmos 00:02: alarms up to one month, y3k, 242 bytes nvram, hpet irqs
Nov 29 03:04:43 admin1-HP-EliteBook-Folio-9480m kernel: [    5.266961] i2c /dev entries driver
Nov 29 03:04:43 admin1-HP-EliteBook-Folio-9480m kernel: [    5.267013] device-mapper: uevent: version 1.0.3
Nov 29 03:04:43 admin1-HP-EliteBook-Folio-9480m kernel: [    5.267087] device-mapper: ioctl: 4.37.0-ioctl (2017-09-20) initialised: dm-devel@redhat.com
Nov 29 03:04:43 admin1-HP-EliteBook-Folio-9480m kernel: [    5.267095] intel_pstate: Intel P-state driver initializing
Nov 29 03:04:43 admin1-HP-EliteBook-Folio-9480m kernel: [    5.267293] ledtrig-cpu: registered to indicate activity on CPUs
Nov 29 03:04:43 admin1-HP-EliteBook-Folio-9480m kernel: [    5.267296] EFI Variables Facility v0.08 2004-May-17
Nov 29 03:04:43 admin1-HP-EliteBook-Folio-9480m kernel: [    5.299723] input: AT Translated Set 2 keyboard as /devices/platform/i8042/serio0/input/input3
Nov 29 03:04:43 admin1-HP-EliteBook-Folio-9480m kernel: [    5.448756] NET: Registered protocol family 10
Nov 29 03:04:43 admin1-HP-EliteBook-Folio-9480m kernel: [    5.451798] Segment Routing with IPv6
Nov 29 03:04:43 admin1-HP-EliteBook-Folio-9480m kernel: [    5.451816] NET: Registered protocol family 17
Nov 29 03:04:43 admin1-HP-EliteBook-Folio-9480m kernel: [    5.451843] Key type dns_resolver registered
Nov 29 03:04:43 admin1-HP-EliteBook-Folio-9480m kernel: [    5.452044] RAS: Correctable Errors collector initialized.
Nov 29 03:04:43 admin1-HP-EliteBook-Folio-9480m kernel: [    5.452069] microcode: sig=0x40651, pf=0x40, revision=0x23
Nov 29 03:04:43 admin1-HP-EliteBook-Folio-9480m kernel: [    5.452110] microcode: Microcode Update Driver: v2.2.
Nov 29 03:04:43 admin1-HP-EliteBook-Folio-9480m kernel: [    5.452118] sched_clock: Marking stable (5452107289, 0)->(5440447788, 11659501)
Nov 29 03:04:43 admin1-HP-EliteBook-Folio-9480m kernel: [    5.452273] registered taskstats version 1
Nov 29 03:04:43 admin1-HP-EliteBook-Folio-9480m kernel: [    5.452280] Loading compiled-in X.509 certificates
Nov 29 03:04:43 admin1-HP-EliteBook-Folio-9480m kernel: [    5.454611] Loaded X.509 cert 'Build time autogenerated kernel key: 1cc37f41791529df57507d3747a6804ab53f482b'
Nov 29 03:04:43 admin1-HP-EliteBook-Folio-9480m kernel: [    5.459685] Couldn't get size: 0x800000000000000e
Nov 29 03:04:43 admin1-HP-EliteBook-Folio-9480m kernel: [    5.459688] MODSIGN: Couldn't get UEFI db list
Nov 29 03:04:43 admin1-HP-EliteBook-Folio-9480m kernel: [    5.466564] Loaded UEFI:MokListRT cert 'Canonical Ltd. Master Certificate Authority: ad91990bc22ab1f517048c23b6655a268e345a63' linked to secondary sys keyring
Nov 29 03:04:43 admin1-HP-EliteBook-Folio-9480m kernel: [    5.469106] Couldn't get size: 0x800000000000000e
Nov 29 03:04:43 admin1-HP-EliteBook-Folio-9480m kernel: [    5.469108] MODSIGN: Couldn't get UEFI dbx list
Nov 29 03:04:43 admin1-HP-EliteBook-Folio-9480m kernel: [    5.469130] zswap: loaded using pool lzo/zbud
Nov 29 03:04:43 admin1-HP-EliteBook-Folio-9480m kernel: [    5.471623] Key type big_key registered
Nov 29 03:04:43 admin1-HP-EliteBook-Folio-9480m kernel: [    5.471627] Key type trusted registered
Nov 29 03:04:43 admin1-HP-EliteBook-Folio-9480m kernel: [    5.472890] Key type encrypted registered
Nov 29 03:04:43 admin1-HP-EliteBook-Folio-9480m kernel: [    5.472893] AppArmor: AppArmor sha1 policy hashing enabled
Nov 29 03:04:43 admin1-HP-EliteBook-Folio-9480m kernel: [    5.494282] tpm tpm0: A TPM error (7) occurred attempting to read a pcr value
Nov 29 03:04:43 admin1-HP-EliteBook-Folio-9480m kernel: [    5.494287] ima: No TPM chip found, activating TPM-bypass! (rc=7)
Nov 29 03:04:43 admin1-HP-EliteBook-Folio-9480m kernel: [    5.494323] evm: HMAC attrs: 0x1
Nov 29 03:04:43 admin1-HP-EliteBook-Folio-9480m kernel: [    5.495029]   Magic number: 11:394:602
Nov 29 03:04:43 admin1-HP-EliteBook-Folio-9480m kernel: [    5.495157] rtc_cmos 00:02: setting system clock to 2019-11-28 21:34:26 UTC (1574976866)
Nov 29 03:04:43 admin1-HP-EliteBook-Folio-9480m kernel: [    5.495269] BIOS EDD facility v0.16 2004-Jun-25, 0 devices found
Nov 29 03:04:43 admin1-HP-EliteBook-Folio-9480m kernel: [    5.495269] EDD information not available.
Nov 29 03:04:43 admin1-HP-EliteBook-Folio-9480m kernel: [    5.497617] Freeing unused kernel memory: 2408K
Nov 29 03:04:43 admin1-HP-EliteBook-Folio-9480m kernel: [    5.520076] Write protecting the kernel read-only data: 20480k
Nov 29 03:04:43 admin1-HP-EliteBook-Folio-9480m kernel: [    5.520613] Freeing unused kernel memory: 2008K
Nov 29 03:04:43 admin1-HP-EliteBook-Folio-9480m kernel: [    5.524384] Freeing unused kernel memory: 1904K
Nov 29 03:04:43 admin1-HP-EliteBook-Folio-9480m kernel: [    5.529456] x86/mm: Checked W+X mappings: passed, no W+X pages found.
Nov 29 03:04:43 admin1-HP-EliteBook-Folio-9480m kernel: [    5.529456] x86/mm: Checking user space page tables
Nov 29 03:04:43 admin1-HP-EliteBook-Folio-9480m kernel: [    5.534426] x86/mm: Checked W+X mappings: passed, no W+X pages found.
Nov 29 03:04:43 admin1-HP-EliteBook-Folio-9480m kernel: [    5.534480] tsc: Refined TSC clocksource calibration: 2593.995 MHz
Nov 29 03:04:43 admin1-HP-EliteBook-Folio-9480m kernel: [    5.534487] clocksource: tsc: mask: 0xffffffffffffffff max_cycles: 0x256413873f2, max_idle_ns: 440795261455 ns
Nov 29 03:04:43 admin1-HP-EliteBook-Folio-9480m kernel: [    5.600020] usb 1-1: new high-speed USB device number 2 using ehci-pci
Nov 29 03:04:43 admin1-HP-EliteBook-Folio-9480m kernel: [    5.600038] usb 2-3: new high-speed USB device number 2 using xhci_hcd
Nov 29 03:04:43 admin1-HP-EliteBook-Folio-9480m kernel: [    5.604795] pps_core: LinuxPPS API ver. 1 registered
Nov 29 03:04:43 admin1-HP-EliteBook-Folio-9480m kernel: [    5.604796] pps_core: Software ver. 5.3.6 - Copyright 2005-2007 Rodolfo Giometti <giometti@linux.it>
Nov 29 03:04:43 admin1-HP-EliteBook-Folio-9480m kernel: [    5.605759] PTP clock support registered
Nov 29 03:04:43 admin1-HP-EliteBook-Folio-9480m kernel: [    5.609612] e1000e: Intel(R) PRO/1000 Network Driver - 3.2.6-k
Nov 29 03:04:43 admin1-HP-EliteBook-Folio-9480m kernel: [    5.609613] e1000e: Copyright(c) 1999 - 2015 Intel Corporation.
Nov 29 03:04:43 admin1-HP-EliteBook-Folio-9480m kernel: [    5.609932] e1000e 0000:00:19.0: Interrupt Throttling Rate (ints/sec) set to dynamic conservative mode
Nov 29 03:04:43 admin1-HP-EliteBook-Folio-9480m kernel: [    5.748750] usb 2-3: New USB device found, idVendor=0424, idProduct=2134
Nov 29 03:04:43 admin1-HP-EliteBook-Folio-9480m kernel: [    5.748752] usb 2-3: New USB device strings: Mfr=1, Product=2, SerialNumber=0
Nov 29 03:04:43 admin1-HP-EliteBook-Folio-9480m kernel: [    5.748754] usb 2-3: Product: USB2134B
Nov 29 03:04:43 admin1-HP-EliteBook-Folio-9480m kernel: [    5.748755] usb 2-3: Manufacturer: SMSC
Nov 29 03:04:43 admin1-HP-EliteBook-Folio-9480m kernel: [    5.749083] hub 2-3:1.0: USB hub found
Nov 29 03:04:43 admin1-HP-EliteBook-Folio-9480m kernel: [    5.749138] hub 2-3:1.0: 3 ports detected
Nov 29 03:04:43 admin1-HP-EliteBook-Folio-9480m kernel: [    5.756364] usb 1-1: New USB device found, idVendor=8087, idProduct=8000
Nov 29 03:04:43 admin1-HP-EliteBook-Folio-9480m kernel: [    5.756366] usb 1-1: New USB device strings: Mfr=0, Product=0, SerialNumber=0
Nov 29 03:04:43 admin1-HP-EliteBook-Folio-9480m kernel: [    5.756544] hub 1-1:1.0: USB hub found
Nov 29 03:04:43 admin1-HP-EliteBook-Folio-9480m kernel: [    5.756633] hub 1-1:1.0: 8 ports detected
Nov 29 03:04:43 admin1-HP-EliteBook-Folio-9480m kernel: [    5.793733] e1000e 0000:00:19.0 0000:00:19.0 (uninitialized): registered PHC clock
Nov 29 03:04:43 admin1-HP-EliteBook-Folio-9480m kernel: [    5.860035] e1000e 0000:00:19.0 eth0: (PCI Express:2.5GT/s:Width x1) ec:b1:d7:95:9f:21
Nov 29 03:04:43 admin1-HP-EliteBook-Folio-9480m kernel: [    5.860036] e1000e 0000:00:19.0 eth0: Intel(R) PRO/1000 Network Connection
Nov 29 03:04:43 admin1-HP-EliteBook-Folio-9480m kernel: [    5.860076] e1000e 0000:00:19.0 eth0: MAC: 11, PHY: 12, PBA No: FFFFFF-0FF
Nov 29 03:04:43 admin1-HP-EliteBook-Folio-9480m kernel: [    5.860112] ahci 0000:00:1f.2: version 3.0
Nov 29 03:04:43 admin1-HP-EliteBook-Folio-9480m kernel: [    5.860834] e1000e 0000:00:19.0 enp0s25: renamed from eth0
Nov 29 03:04:43 admin1-HP-EliteBook-Folio-9480m kernel: [    5.870554] ahci 0000:00:1f.2: AHCI 0001.0300 32 slots 2 ports 6 Gbps 0x2 impl SATA mode
Nov 29 03:04:43 admin1-HP-EliteBook-Folio-9480m kernel: [    5.870558] ahci 0000:00:1f.2: flags: 64bit ncq pm led clo only pio slum part deso sadm sds apst 
Nov 29 03:04:43 admin1-HP-EliteBook-Folio-9480m kernel: [    5.871079] scsi host0: ahci
Nov 29 03:04:43 admin1-HP-EliteBook-Folio-9480m kernel: [    5.871238] scsi host1: ahci
Nov 29 03:04:43 admin1-HP-EliteBook-Folio-9480m kernel: [    5.871289] ata1: DUMMY
Nov 29 03:04:43 admin1-HP-EliteBook-Folio-9480m kernel: [    5.871293] ata2: SATA max UDMA/133 abar m2048@0xc0738000 port 0xc0738180 irq 46
Nov 29 03:04:43 admin1-HP-EliteBook-Folio-9480m kernel: [    5.871929] [drm] Memory usable by graphics device = 2048M
Nov 29 03:04:43 admin1-HP-EliteBook-Folio-9480m kernel: [    5.871932] checking generic (b0000000 300000) vs hw (b0000000 10000000)
Nov 29 03:04:43 admin1-HP-EliteBook-Folio-9480m kernel: [    5.871933] fb: switching to inteldrmfb from EFI VGA
Nov 29 03:04:43 admin1-HP-EliteBook-Folio-9480m kernel: [    5.871957] Console: switching to colour dummy device 80x25
Nov 29 03:04:43 admin1-HP-EliteBook-Folio-9480m kernel: [    5.872042] [drm] Replacing VGA console driver
Nov 29 03:04:43 admin1-HP-EliteBook-Folio-9480m kernel: [    5.872070] [drm] ACPI BIOS requests an excessive sleep of 5000 ms, using 1500 ms instead
Nov 29 03:04:43 admin1-HP-EliteBook-Folio-9480m kernel: [    5.875957] random: fast init done
Nov 29 03:04:43 admin1-HP-EliteBook-Folio-9480m kernel: [    5.876170] usb 3-3: new SuperSpeed USB device number 2 using xhci_hcd
Nov 29 03:04:43 admin1-HP-EliteBook-Folio-9480m kernel: [    5.878062] [drm] Supports vblank timestamp caching Rev 2 (21.10.2013).
Nov 29 03:04:43 admin1-HP-EliteBook-Folio-9480m kernel: [    5.878063] [drm] Driver supports precise vblank timestamp query.
Nov 29 03:04:43 admin1-HP-EliteBook-Folio-9480m kernel: [    5.880211] i915 0000:00:02.0: vgaarb: changed VGA decodes: olddecodes=io+mem,decodes=io+mem:owns=io+mem
Nov 29 03:04:43 admin1-HP-EliteBook-Folio-9480m kernel: [    5.880428] random: systemd-udevd: uninitialized urandom read (16 bytes read)
Nov 29 03:04:43 admin1-HP-EliteBook-Folio-9480m kernel: [    5.880430] random: systemd-udevd: uninitialized urandom read (16 bytes read)
Nov 29 03:04:43 admin1-HP-EliteBook-Folio-9480m kernel: [    5.880431] random: systemd-udevd: uninitialized urandom read (16 bytes read)
Nov 29 03:04:43 admin1-HP-EliteBook-Folio-9480m kernel: [    5.880454] random: systemd-udevd: uninitialized urandom read (16 bytes read)
Nov 29 03:04:43 admin1-HP-EliteBook-Folio-9480m kernel: [    5.880459] random: systemd-udevd: uninitialized urandom read (16 bytes read)
Nov 29 03:04:43 admin1-HP-EliteBook-Folio-9480m kernel: [    5.880500] random: systemd-udevd: uninitialized urandom read (16 bytes read)
Nov 29 03:04:43 admin1-HP-EliteBook-Folio-9480m kernel: [    5.880515] random: systemd-udevd: uninitialized urandom read (16 bytes read)
Nov 29 03:04:43 admin1-HP-EliteBook-Folio-9480m kernel: [    5.880520] random: systemd-udevd: uninitialized urandom read (16 bytes read)
Nov 29 03:04:43 admin1-HP-EliteBook-Folio-9480m kernel: [    5.880627] random: systemd-udevd: uninitialized urandom read (16 bytes read)
Nov 29 03:04:43 admin1-HP-EliteBook-Folio-9480m kernel: [    5.880628] random: systemd-udevd: uninitialized urandom read (16 bytes read)
Nov 29 03:04:43 admin1-HP-EliteBook-Folio-9480m kernel: [    5.896394] usb 3-3: New USB device found, idVendor=0424, idProduct=5534
Nov 29 03:04:43 admin1-HP-EliteBook-Folio-9480m kernel: [    5.896397] usb 3-3: New USB device strings: Mfr=2, Product=3, SerialNumber=0
Nov 29 03:04:43 admin1-HP-EliteBook-Folio-9480m kernel: [    5.896399] usb 3-3: Product: USB5534B
Nov 29 03:04:43 admin1-HP-EliteBook-Folio-9480m kernel: [    5.896401] usb 3-3: Manufacturer: SMSC
Nov 29 03:04:43 admin1-HP-EliteBook-Folio-9480m kernel: [    5.896969] hub 3-3:1.0: USB hub found
Nov 29 03:04:43 admin1-HP-EliteBook-Folio-9480m kernel: [    5.897155] hub 3-3:1.0: 3 ports detected
Nov 29 03:04:43 admin1-HP-EliteBook-Folio-9480m kernel: [    5.906575] [drm] Initialized i915 1.6.0 20171023 for 0000:00:02.0 on minor 0
Nov 29 03:04:43 admin1-HP-EliteBook-Folio-9480m kernel: [    5.907966] ACPI: Video Device [GFX0] (multi-head: yes  rom: no  post: no)
Nov 29 03:04:43 admin1-HP-EliteBook-Folio-9480m kernel: [    5.908329] input: Video Bus as /devices/LNXSYSTM:00/LNXSYBUS:00/PNP0A08:00/LNXVIDEO:00/input/input10
Nov 29 03:04:43 admin1-HP-EliteBook-Folio-9480m kernel: [    5.942797] fbcon: inteldrmfb (fb0) is primary device
Nov 29 03:04:43 admin1-HP-EliteBook-Folio-9480m kernel: [    5.942867] Console: switching to colour frame buffer device 170x48
Nov 29 03:04:43 admin1-HP-EliteBook-Folio-9480m kernel: [    5.942900] i915 0000:00:02.0: fb0: inteldrmfb frame buffer device
Nov 29 03:04:43 admin1-HP-EliteBook-Folio-9480m kernel: [    6.024094] usb 2-4: new full-speed USB device number 3 using xhci_hcd
Nov 29 03:04:43 admin1-HP-EliteBook-Folio-9480m kernel: [    6.173510] usb 2-4: New USB device found, idVendor=8087, idProduct=07dc
Nov 29 03:04:43 admin1-HP-EliteBook-Folio-9480m kernel: [    6.173513] usb 2-4: New USB device strings: Mfr=0, Product=0, SerialNumber=0
Nov 29 03:04:43 admin1-HP-EliteBook-Folio-9480m kernel: [    6.187711] ata2: SATA link up 6.0 Gbps (SStatus 133 SControl 300)
Nov 29 03:04:43 admin1-HP-EliteBook-Folio-9480m kernel: [    6.189207] ata2.00: ATA-9: HGST HTS725050A7E630, GH2OA910, max UDMA/133
Nov 29 03:04:43 admin1-HP-EliteBook-Folio-9480m kernel: [    6.189209] ata2.00: 976773168 sectors, multi 16: LBA48 NCQ (depth 31/32), AA
Nov 29 03:04:43 admin1-HP-EliteBook-Folio-9480m kernel: [    6.190868] ata2.00: configured for UDMA/133
Nov 29 03:04:43 admin1-HP-EliteBook-Folio-9480m kernel: [    6.191135] scsi 1:0:0:0: Direct-Access     ATA      HGST HTS725050A7 A910 PQ: 0 ANSI: 5
Nov 29 03:04:43 admin1-HP-EliteBook-Folio-9480m kernel: [    6.191523] sd 1:0:0:0: Attached scsi generic sg0 type 0
Nov 29 03:04:43 admin1-HP-EliteBook-Folio-9480m kernel: [    6.191578] sd 1:0:0:0: [sda] 976773168 512-byte logical blocks: (500 GB/466 GiB)
Nov 29 03:04:43 admin1-HP-EliteBook-Folio-9480m kernel: [    6.191580] sd 1:0:0:0: [sda] 4096-byte physical blocks
Nov 29 03:04:43 admin1-HP-EliteBook-Folio-9480m kernel: [    6.191602] sd 1:0:0:0: [sda] Write Protect is off
Nov 29 03:04:43 admin1-HP-EliteBook-Folio-9480m kernel: [    6.191605] sd 1:0:0:0: [sda] Mode Sense: 00 3a 00 00
Nov 29 03:04:43 admin1-HP-EliteBook-Folio-9480m kernel: [    6.191639] sd 1:0:0:0: [sda] Write cache: enabled, read cache: enabled, doesn't support DPO or FUA
Nov 29 03:04:43 admin1-HP-EliteBook-Folio-9480m kernel: [    6.259340]  sda: sda1 sda2
Nov 29 03:04:43 admin1-HP-EliteBook-Folio-9480m kernel: [    6.259718] sd 1:0:0:0: [sda] Attached SCSI disk
Nov 29 03:04:43 admin1-HP-EliteBook-Folio-9480m kernel: [    6.556307] clocksource: Switched to clocksource tsc
Nov 29 03:04:43 admin1-HP-EliteBook-Folio-9480m kernel: [    6.735070] input: PS/2 Generic Mouse as /devices/platform/i8042/serio2/input/input9
Nov 29 03:04:43 admin1-HP-EliteBook-Folio-9480m kernel: [    6.984085] usb 2-7: new high-speed USB device number 5 using xhci_hcd
Nov 29 03:04:43 admin1-HP-EliteBook-Folio-9480m kernel: [    7.139470] psmouse serio3: synaptics: queried max coordinates: x [..5660], y [..4742]
Nov 29 03:04:43 admin1-HP-EliteBook-Folio-9480m kernel: [    7.170878] psmouse serio3: synaptics: queried min coordinates: x [1282..], y [1110..]
Nov 29 03:04:43 admin1-HP-EliteBook-Folio-9480m kernel: [    7.170885] psmouse serio3: synaptics: Your touchpad (PNP: SYN3027 SYN0100 SYN0002 PNP0f13) says it can support a different bus. If i2c-hid and hid-rmi are not used, you might want to try setting psmouse.synaptics_intertouch to 1 and report this to linux-input@vger.kernel.org.
Nov 29 03:04:43 admin1-HP-EliteBook-Folio-9480m kernel: [    7.212294] usb 3-3.3: new SuperSpeed USB device number 3 using xhci_hcd
Nov 29 03:04:43 admin1-HP-EliteBook-Folio-9480m kernel: [    7.218072] usb 2-7: New USB device found, idVendor=04ca, idProduct=704b
Nov 29 03:04:43 admin1-HP-EliteBook-Folio-9480m kernel: [    7.218074] usb 2-7: New USB device strings: Mfr=1, Product=2, SerialNumber=0
Nov 29 03:04:43 admin1-HP-EliteBook-Folio-9480m kernel: [    7.218076] usb 2-7: Product: HP HD Webcam
Nov 29 03:04:43 admin1-HP-EliteBook-Folio-9480m kernel: [    7.218078] usb 2-7: Manufacturer: DEFST019I7M549
Nov 29 03:04:43 admin1-HP-EliteBook-Folio-9480m kernel: [    7.229158] psmouse serio3: synaptics: Touchpad model: 1, fw: 8.1, id: 0x1e2b1, caps: 0xd00123/0x840300/0x27c00/0x0, board id: 2251, fw id: 1522164
Nov 29 03:04:43 admin1-HP-EliteBook-Folio-9480m kernel: [    7.243888] usb 3-3.3: New USB device found, idVendor=0951, idProduct=1666
Nov 29 03:04:43 admin1-HP-EliteBook-Folio-9480m kernel: [    7.243891] usb 3-3.3: New USB device strings: Mfr=1, Product=2, SerialNumber=3
Nov 29 03:04:43 admin1-HP-EliteBook-Folio-9480m kernel: [    7.243893] usb 3-3.3: Product: DataTraveler 3.0
Nov 29 03:04:43 admin1-HP-EliteBook-Folio-9480m kernel: [    7.243894] usb 3-3.3: Manufacturer: Kingston
Nov 29 03:04:43 admin1-HP-EliteBook-Folio-9480m kernel: [    7.243896] usb 3-3.3: SerialNumber: 20CF30E117D4F311E63D4940
Nov 29 03:04:43 admin1-HP-EliteBook-Folio-9480m kernel: [    7.256214] usb-storage 3-3.3:1.0: USB Mass Storage device detected
Nov 29 03:04:43 admin1-HP-EliteBook-Folio-9480m kernel: [    7.256389] scsi host2: usb-storage 3-3.3:1.0
Nov 29 03:04:43 admin1-HP-EliteBook-Folio-9480m kernel: [    7.256444] usbcore: registered new interface driver usb-storage
Nov 29 03:04:43 admin1-HP-EliteBook-Folio-9480m kernel: [    7.257378] usbcore: registered new interface driver uas
Nov 29 03:04:43 admin1-HP-EliteBook-Folio-9480m kernel: [    7.265318] input: SynPS/2 Synaptics TouchPad as /devices/platform/i8042/serio3/input/input11
Nov 29 03:04:43 admin1-HP-EliteBook-Folio-9480m kernel: [    7.567364] EXT4-fs (sda2): mounted filesystem with ordered data mode. Opts: (null)
Nov 29 03:04:43 admin1-HP-EliteBook-Folio-9480m kernel: [    8.285214] scsi 2:0:0:0: Direct-Access     Kingston DataTraveler 3.0      PQ: 0 ANSI: 6
Nov 29 03:04:43 admin1-HP-EliteBook-Folio-9480m kernel: [    8.285546] sd 2:0:0:0: Attached scsi generic sg1 type 0
Nov 29 03:04:43 admin1-HP-EliteBook-Folio-9480m kernel: [    8.286076] sd 2:0:0:0: [sdb] 15109516 512-byte logical blocks: (7.74 GB/7.20 GiB)
Nov 29 03:04:43 admin1-HP-EliteBook-Folio-9480m kernel: [    8.286338] sd 2:0:0:0: [sdb] Write Protect is off
Nov 29 03:04:43 admin1-HP-EliteBook-Folio-9480m kernel: [    8.286340] sd 2:0:0:0: [sdb] Mode Sense: 4f 00 00 00
Nov 29 03:04:43 admin1-HP-EliteBook-Folio-9480m kernel: [    8.286497] sd 2:0:0:0: [sdb] Write cache: disabled, read cache: enabled, doesn't support DPO or FUA
Nov 29 03:04:43 admin1-HP-EliteBook-Folio-9480m kernel: [    8.288163]  sdb: sdb1
Nov 29 03:04:43 admin1-HP-EliteBook-Folio-9480m kernel: [    8.288977] sd 2:0:0:0: [sdb] Attached SCSI removable disk
Nov 29 03:04:43 admin1-HP-EliteBook-Folio-9480m kernel: [    8.650017] ip_tables: (C) 2000-2006 Netfilter Core Team
Nov 29 03:04:43 admin1-HP-EliteBook-Folio-9480m kernel: [    9.370992] random: crng init done
Nov 29 03:04:43 admin1-HP-EliteBook-Folio-9480m kernel: [   10.789152] lp: driver loaded but no devices found
Nov 29 03:04:43 admin1-HP-EliteBook-Folio-9480m kernel: [   10.942029] EXT4-fs (sda2): re-mounted. Opts: errors=remount-ro
Nov 29 03:04:43 admin1-HP-EliteBook-Folio-9480m kernel: [   11.002020] ppdev: user-space parallel port driver
Nov 29 03:04:43 admin1-HP-EliteBook-Folio-9480m kernel: [   11.163218] Adding 2097148k swap on /swapfile.  Priority:-2 extents:6 across:2260988k FS
Nov 29 03:04:43 admin1-HP-EliteBook-Folio-9480m kernel: [   12.895868] shpchp: Standard Hot Plug PCI Controller Driver version: 0.4
Nov 29 03:04:43 admin1-HP-EliteBook-Folio-9480m kernel: [   12.906805] input: HP Wireless hotkeys as /devices/virtual/input/input13
Nov 29 03:04:43 admin1-HP-EliteBook-Folio-9480m kernel: [   12.908422] hp_accel: laptop model unknown, using default axes configuration
Nov 29 03:04:43 admin1-HP-EliteBook-Folio-9480m kernel: [   12.933075] hp_wmi: query 0xd returned error 0x5
Nov 29 03:04:43 admin1-HP-EliteBook-Folio-9480m kernel: [   12.933123] input: HP WMI hotkeys as /devices/virtual/input/input14
Nov 29 03:04:43 admin1-HP-EliteBook-Folio-9480m kernel: [   12.995469] cfg80211: Loading compiled-in X.509 certificates for regulatory database
Nov 29 03:04:43 admin1-HP-EliteBook-Folio-9480m kernel: [   12.995691] cfg80211: Loaded X.509 cert 'sforshee: 00b28ddf47aef9cea7'
Nov 29 03:04:43 admin1-HP-EliteBook-Folio-9480m kernel: [   13.035288] RAPL PMU: API unit is 2^-32 Joules, 4 fixed counters, 655360 ms ovfl timer
Nov 29 03:04:43 admin1-HP-EliteBook-Folio-9480m kernel: [   13.035289] RAPL PMU: hw unit of domain pp0-core 2^-14 Joules
Nov 29 03:04:43 admin1-HP-EliteBook-Folio-9480m kernel: [   13.035290] RAPL PMU: hw unit of domain package 2^-14 Joules
Nov 29 03:04:43 admin1-HP-EliteBook-Folio-9480m kernel: [   13.035290] RAPL PMU: hw unit of domain dram 2^-14 Joules
Nov 29 03:04:43 admin1-HP-EliteBook-Folio-9480m kernel: [   13.035291] RAPL PMU: hw unit of domain pp1-gpu 2^-14 Joules
Nov 29 03:04:43 admin1-HP-EliteBook-Folio-9480m kernel: [   13.043262] lis3lv02d: 8 bits 3DC sensor found
Nov 29 03:04:43 admin1-HP-EliteBook-Folio-9480m kernel: [   13.152959] Intel(R) Wireless WiFi driver for Linux
Nov 29 03:04:43 admin1-HP-EliteBook-Folio-9480m kernel: [   13.152961] Copyright(c) 2003- 2015 Intel Corporation
Nov 29 03:04:43 admin1-HP-EliteBook-Folio-9480m kernel: [   13.153163] iwlwifi 0000:08:00.0: enabling device (0000 -> 0002)
Nov 29 03:04:43 admin1-HP-EliteBook-Folio-9480m kernel: [   13.188816] Bluetooth: Core ver 2.22
Nov 29 03:04:43 admin1-HP-EliteBook-Folio-9480m kernel: [   13.188837] NET: Registered protocol family 31
Nov 29 03:04:43 admin1-HP-EliteBook-Folio-9480m kernel: [   13.188838] Bluetooth: HCI device and connection manager initialized
Nov 29 03:04:43 admin1-HP-EliteBook-Folio-9480m kernel: [   13.188842] Bluetooth: HCI socket layer initialized
Nov 29 03:04:43 admin1-HP-EliteBook-Folio-9480m kernel: [   13.188845] Bluetooth: L2CAP socket layer initialized
Nov 29 03:04:43 admin1-HP-EliteBook-Folio-9480m kernel: [   13.188850] Bluetooth: SCO socket layer initialized
Nov 29 03:04:43 admin1-HP-EliteBook-Folio-9480m kernel: [   13.360216] iwlwifi 0000:08:00.0: loaded firmware version 17.948900127.0 op_mode iwlmvm
Nov 29 03:04:43 admin1-HP-EliteBook-Folio-9480m kernel: [   13.842644] iwlwifi 0000:08:00.0: Detected Intel(R) Dual Band Wireless N 7260, REV=0x144
Nov 29 03:04:43 admin1-HP-EliteBook-Folio-9480m kernel: [   13.850616] usbcore: registered new interface driver btusb
Nov 29 03:04:43 admin1-HP-EliteBook-Folio-9480m kernel: [   13.862926] iwlwifi 0000:08:00.0: base HW address: e8:b1:fc:be:a3:ca
Nov 29 03:04:43 admin1-HP-EliteBook-Folio-9480m kernel: [   13.864553] Bluetooth: hci0: read Intel version: 370710018002030d00
Nov 29 03:04:43 admin1-HP-EliteBook-Folio-9480m kernel: [   13.905517] Bluetooth: hci0: Intel Bluetooth firmware file: intel/ibt-hw-37.7.10-fw-1.80.2.3.d.bseq
Nov 29 03:04:43 admin1-HP-EliteBook-Folio-9480m kernel: [   13.929177] AVX2 version of gcm_enc/dec engaged.
Nov 29 03:04:43 admin1-HP-EliteBook-Folio-9480m kernel: [   13.929179] AES CTR mode by8 optimization enabled
Nov 29 03:04:43 admin1-HP-EliteBook-Folio-9480m kernel: [   14.023719] media: Linux media interface: v0.10
Nov 29 03:04:43 admin1-HP-EliteBook-Folio-9480m kernel: [   14.040543] Bluetooth: hci0: Intel firmware patch completed and activated
Nov 29 03:04:43 admin1-HP-EliteBook-Folio-9480m kernel: [   14.049145] Linux video capture interface: v2.00
Nov 29 03:04:43 admin1-HP-EliteBook-Folio-9480m kernel: [   14.125116] ieee80211 phy0: Selected rate control algorithm 'iwl-mvm-rs'
Nov 29 03:04:43 admin1-HP-EliteBook-Folio-9480m kernel: [   14.126656] iwlwifi 0000:08:00.0 wlo1: renamed from wlan0
Nov 29 03:04:43 admin1-HP-EliteBook-Folio-9480m kernel: [   14.343713] snd_hda_intel 0000:00:03.0: enabling device (0000 -> 0002)
Nov 29 03:04:43 admin1-HP-EliteBook-Folio-9480m kernel: [   14.343917] snd_hda_intel 0000:00:03.0: bound 0000:00:02.0 (ops i915_audio_component_bind_ops [i915])
Nov 29 03:04:43 admin1-HP-EliteBook-Folio-9480m kernel: [   14.343964] snd_hda_intel 0000:00:1b.0: enabling device (0000 -> 0002)
Nov 29 03:04:43 admin1-HP-EliteBook-Folio-9480m kernel: [   14.452107] input: ST LIS3LV02DL Accelerometer as /devices/platform/lis3lv02d/input/input15
Nov 29 03:04:43 admin1-HP-EliteBook-Folio-9480m kernel: [   14.511097] uvcvideo: Found UVC 1.00 device HP HD Webcam (04ca:704b)
Nov 29 03:04:43 admin1-HP-EliteBook-Folio-9480m kernel: [   14.519507] uvcvideo 2-7:1.0: Entity type for entity Extension 4 was not initialized!
Nov 29 03:04:43 admin1-HP-EliteBook-Folio-9480m kernel: [   14.519509] uvcvideo 2-7:1.0: Entity type for entity Extension 3 was not initialized!
Nov 29 03:04:43 admin1-HP-EliteBook-Folio-9480m kernel: [   14.519511] uvcvideo 2-7:1.0: Entity type for entity Processing 2 was not initialized!
Nov 29 03:04:43 admin1-HP-EliteBook-Folio-9480m kernel: [   14.519512] uvcvideo 2-7:1.0: Entity type for entity Camera 1 was not initialized!
Nov 29 03:04:43 admin1-HP-EliteBook-Folio-9480m kernel: [   14.519586] input: HP HD Webcam: HP HD Webcam as /devices/pci0000:00/0000:00:14.0/usb2/2-7/2-7:1.0/input/input16
Nov 29 03:04:43 admin1-HP-EliteBook-Folio-9480m kernel: [   14.519644] usbcore: registered new interface driver uvcvideo
Nov 29 03:04:43 admin1-HP-EliteBook-Folio-9480m kernel: [   14.519644] USB Video Class driver (1.1.1)
Nov 29 03:04:43 admin1-HP-EliteBook-Folio-9480m kernel: [   14.546275] snd_hda_codec_realtek hdaudioC1D0: autoconfig for ALC3228: line_outs=1 (0x14/0x0/0x0/0x0/0x0) type:speaker
Nov 29 03:04:43 admin1-HP-EliteBook-Folio-9480m kernel: [   14.546278] snd_hda_codec_realtek hdaudioC1D0:    speaker_outs=0 (0x0/0x0/0x0/0x0/0x0)
Nov 29 03:04:43 admin1-HP-EliteBook-Folio-9480m kernel: [   14.546281] snd_hda_codec_realtek hdaudioC1D0:    hp_outs=1 (0x15/0x0/0x0/0x0/0x0)
Nov 29 03:04:43 admin1-HP-EliteBook-Folio-9480m kernel: [   14.546282] snd_hda_codec_realtek hdaudioC1D0:    mono: mono_out=0x0
Nov 29 03:04:43 admin1-HP-EliteBook-Folio-9480m kernel: [   14.546283] snd_hda_codec_realtek hdaudioC1D0:    inputs:
Nov 29 03:04:43 admin1-HP-EliteBook-Folio-9480m kernel: [   14.546286] snd_hda_codec_realtek hdaudioC1D0:      Mic=0x1a
Nov 29 03:04:43 admin1-HP-EliteBook-Folio-9480m kernel: [   14.546287] snd_hda_codec_realtek hdaudioC1D0:      Internal Mic=0x12
Nov 29 03:04:43 admin1-HP-EliteBook-Folio-9480m kernel: [   14.592959] input: HDA Intel PCH Mic as /devices/pci0000:00/0000:00:1b.0/sound/card1/input17
Nov 29 03:04:43 admin1-HP-EliteBook-Folio-9480m kernel: [   14.593030] input: HDA Intel PCH Headphone as /devices/pci0000:00/0000:00:1b.0/sound/card1/input18
Nov 29 03:04:43 admin1-HP-EliteBook-Folio-9480m kernel: [   14.715203] input: HDA Intel HDMI HDMI/DP,pcm=3 as /devices/pci0000:00/0000:00:03.0/sound/card0/input19
Nov 29 03:04:43 admin1-HP-EliteBook-Folio-9480m kernel: [   14.715274] input: HDA Intel HDMI HDMI/DP,pcm=7 as /devices/pci0000:00/0000:00:03.0/sound/card0/input20
Nov 29 03:04:43 admin1-HP-EliteBook-Folio-9480m kernel: [   14.715330] input: HDA Intel HDMI HDMI/DP,pcm=8 as /devices/pci0000:00/0000:00:03.0/sound/card0/input21
Nov 29 03:04:43 admin1-HP-EliteBook-Folio-9480m kernel: [   14.715385] input: HDA Intel HDMI HDMI/DP,pcm=9 as /devices/pci0000:00/0000:00:03.0/sound/card0/input22
Nov 29 03:04:43 admin1-HP-EliteBook-Folio-9480m kernel: [   14.769072] kvm: disabled by bios
Nov 29 03:04:43 admin1-HP-EliteBook-Folio-9480m kernel: [   14.813352] kvm: disabled by bios
Nov 29 03:04:43 admin1-HP-EliteBook-Folio-9480m kernel: [   14.853356] kvm: disabled by bios
Nov 29 03:04:43 admin1-HP-EliteBook-Folio-9480m kernel: [   14.893282] kvm: disabled by bios
Nov 29 03:04:43 admin1-HP-EliteBook-Folio-9480m kernel: [   15.107525] intel_rapl: Found RAPL domain package
Nov 29 03:04:43 admin1-HP-EliteBook-Folio-9480m kernel: [   15.107526] intel_rapl: Found RAPL domain core
Nov 29 03:04:43 admin1-HP-EliteBook-Folio-9480m kernel: [   15.107527] intel_rapl: Found RAPL domain uncore
Nov 29 03:04:43 admin1-HP-EliteBook-Folio-9480m kernel: [   15.107528] intel_rapl: Found RAPL domain dram
Nov 29 03:04:43 admin1-HP-EliteBook-Folio-9480m kernel: [   19.387852] audit: type=1400 audit(1574976880.385:2): apparmor="STATUS" operation="profile_load" profile="unconfined" name="/usr/bin/man" pid=567 comm="apparmor_parser"
Nov 29 03:04:43 admin1-HP-EliteBook-Folio-9480m kernel: [   19.387856] audit: type=1400 audit(1574976880.385:3): apparmor="STATUS" operation="profile_load" profile="unconfined" name="man_filter" pid=567 comm="apparmor_parser"
Nov 29 03:04:43 admin1-HP-EliteBook-Folio-9480m kernel: [   19.387859] audit: type=1400 audit(1574976880.385:4): apparmor="STATUS" operation="profile_load" profile="unconfined" name="man_groff" pid=567 comm="apparmor_parser"
Nov 29 03:04:43 admin1-HP-EliteBook-Folio-9480m kernel: [   19.413727] audit: type=1400 audit(1574976880.413:5): apparmor="STATUS" operation="profile_load" profile="unconfined" name="/sbin/dhclient" pid=564 comm="apparmor_parser"
